09:38:19 **** Incremental Build of configuration Debug for project ADFirmware_CM7 ****
make -j16 all 
arm-none-eabi-gcc "../Core/Middlewares/Services/ED/energy_debugger.c" -mcpu=cortex-m7 -std=gnu11 -g3 -DCORE_CM7 -DDATA_IN_D2_SRAM -DSTM32H755xx -DDEBUG -DUSE_HAL_DRIVER -c -I"C:/Users/frado/Desktop/Projekat_EPT/Firmware/Source/ADFirmware/Middlewares/Third_Party/LwIP/system" -I"C:/Users/frado/Desktop/Projekat_EPT/Firmware/Source/ADFirmware/Middlewares/Third_Party/LwIP/src/include" -I"C:/Users/frado/Desktop/Projekat_EPT/Firmware/Source/ADFirmware/Middlewares/Third_Party/FreeRTOS/Source/CMSIS_RTOS_V2" -I"C:/Users/frado/Desktop/Projekat_EPT/Firmware/Source/ADFirmware/Middlewares/Third_Party/FreeRTOS/Source/include" -I"C:/Users/frado/Desktop/Projekat_EPT/Firmware/Source/ADFirmware/Middlewares/Third_Party/FreeRTOS/Source/portable/GCC/ARM_CM4F" -I"C:/Users/frado/Desktop/Projekat_EPT/Firmware/Source/ADFirmware/Drivers/STM32H7xx_HAL_Driver/Inc" -I"C:/Users/frado/Desktop/Projekat_EPT/Firmware/Source/ADFirmware/Drivers/CMSIS/Include" -I"C:/Users/frado/Desktop/Projekat_EPT/Firmware/Source/ADFirmware/Drivers/BSP/Components/lan8742" -I"C:/Users/frado/Desktop/Projekat_EPT/Firmware/Source/ADFirmware/Drivers/CMSIS/Device/ST/STM32H7xx/Include" -I"C:/Users/frado/Desktop/Projekat_EPT/Firmware/Source/ADFirmware/CM7/Core/Configuration" -I"C:/Users/frado/Desktop/Projekat_EPT/Firmware/Source/ADFirmware/CM7/Core/Drivers/Platform/LwIP" -I"C:/Users/frado/Desktop/Projekat_EPT/Firmware/Source/ADFirmware/CM7/Core/Middlewares/Services/Network/" -I"C:/Users/frado/Desktop/Projekat_EPT/Firmware/Source/ADFirmware/CM7/Core/Drivers/Platform/Interrupts/" -I"C:/Users/frado/Desktop/Projekat_EPT/Firmware/Source/ADFirmware/CM7/Core/Drivers/Platform/System" -I"C:/Users/frado/Desktop/Projekat_EPT/Firmware/Source/ADFirmware/CM7/Core/Drivers/Platform/AnalogIN" -I"C:/Users/frado/Desktop/Projekat_EPT/Firmware/Source/ADFirmware/CM7/Core/Drivers/Platform/GPIO" -I"C:/Users/frado/Desktop/Projekat_EPT/Firmware/Source/ADFirmware/CM7/Core/Middlewares/Services/System/" -I"C:/Users/frado/Desktop/Projekat_EPT/Firmware/Source/ADFirmware/CM7/Core/Drivers/Platform/UART" -I"C:/Users/frado/Desktop/Projekat_EPT/Firmware/Source/ADFirmware/CM7/Core/Middlewares/Services/Logging/" -I"C:/Users/frado/Desktop/Projekat_EPT/Firmware/Source/ADFirmware/CM7/Core/Middlewares/Services/Control/" -I"C:/Users/frado/Desktop/Projekat_EPT/Firmware/Source/ADFirmware/CM7/Core/Middlewares/Services/SamplesStream/" -I"C:/Users/frado/Desktop/Projekat_EPT/Firmware/Source/ADFirmware/CM7/Core/Middlewares/Services/ED" -O0 -ffunction-sections -fdata-sections -Wall -fstack-usage -fcyclomatic-complexity -MMD -MP -MF"Core/Middlewares/Services/ED/energy_debugger.d" -MT"Core/Middlewares/Services/ED/energy_debugger.o" --specs=nano.specs -mfpu=fpv5-d16 -mfloat-abi=hard -mthumb -o "Core/Middlewares/Services/ED/energy_debugger.o"
In file included from ../Core/Middlewares/Services/ED/energy_debugger.c:12:
../Core/Middlewares/Services/ED/energy_debugger.c: In function 'prvEDEBUGGING_SerialCharReceived':
../Core/Middlewares/Services/ED/energy_debugger.c:87:72: warning: passing argument 2 of 'xQueueGenericSendFromISR' discards 'volatile' qualifier from pointer target type [-Wdiscarded-qualifiers]
   87 |             xQueueSendToBackFromISR(prvENERGY_DEBUGGER_QUEUE_EBP_NAME, &prvENERGY_DEBUGGER_EBP_LAST_NAME, pxHigherPriorityTaskWoken);
C:/Users/frado/Desktop/Projekat_EPT/Firmware/Source/ADFirmware/Middlewares/Third_Party/FreeRTOS/Source/include/queue.h:1055:125: note: in definition of macro 'xQueueSendToBackFromISR'
 1055 | #define xQueueSendToBackFromISR( xQueue, pvItemToQueue, pxHigherPriorityTaskWoken ) xQueueGenericSendFromISR( ( xQueue ), ( pvItemToQueue ), ( pxHigherPriorityTaskWoken ), queueSEND_TO_BACK )
      |                                                                                                                             ^~~~~~~~~~~~~
C:/Users/frado/Desktop/Projekat_EPT/Firmware/Source/ADFirmware/Middlewares/Third_Party/FreeRTOS/Source/include/queue.h:1295:79: note: expected 'const void * const' but argument is of type 'volatile energy_debugger_ebp_name_t *'
 1295 | BaseType_t xQueueGenericSendFromISR( QueueHandle_t xQueue, const void * const pvItemToQueue, BaseType_t * const pxHigherPriorityTaskWoken, const BaseType_t xCopyPosition ) PRIVILEGED_FUNCTION;
      |                                                            ~~~~~~~~~~~~~~~~~~~^~~~~~~~~~~~~
../Core/Middlewares/Services/ED/energy_debugger.c:88:24: warning: passing argument 1 of 'memset' discards 'volatile' qualifier from pointer target type [-Wdiscarded-qualifiers]
   88 |                 memset(&prvENERGY_DEBUGGER_EBP_LAST_NAME, 0, sizeof(energy_debugger_ebp_name_t));
      |                        ^~~~~~~~~~~~~~~~~~~~~~~~~~~~~~~~~
In file included from C:/Users/frado/Desktop/Projekat_EPT/Firmware/Source/ADFirmware/Middlewares/Third_Party/LwIP/src/include/lwip/sockets.h:52,
                 from ../Core/Middlewares/Services/ED/energy_debugger.c:15:
C:\ST\STM32CubeIDE_1.16.1\STM32CubeIDE\plugins\com.st.stm32cube.ide.mcu.externaltools.gnu-tools-for-stm32.12.3.rel1.win32_1.0.200.202406191623\tools\bin/../lib/gcc/arm-none-eabi/12.3.1/../../../../arm-none-eabi/include/string.h:33:18: note: expected 'void *' but argument is of type 'volatile energy_debugger_ebp_name_t *'
   33 | void *   memset (void *, int, size_t);
      |                  ^~~~~~
../Core/Middlewares/Services/ED/energy_debugger.c: In function 'prvENERGY_DEBUGGER_Task':
../Core/Middlewares/Services/ED/energy_debugger.c:200:26: warning: unused variable 'data' [-Wunused-variable]
  200 |                 uint8_t  data;
      |                          ^~~~
arm-none-eabi-gcc -o "ADFirmware_CM7.elf" @"objects.list"   -mcpu=cortex-m7 -T"C:\Users\frado\Desktop\Projekat_EPT\Firmware\Source\ADFirmware\CM7\STM32H755ZITX.ld" --specs=nosys.specs -Wl,-Map="ADFirmware_CM7.map" -Wl,--gc-sections -static --specs=nano.specs -mfpu=fpv5-d16 -mfloat-abi=hard -mthumb -Wl,--start-group -lc -lm -Wl,--end-group
C:/ST/STM32CubeIDE_1.16.1/STM32CubeIDE/plugins/com.st.stm32cube.ide.mcu.externaltools.gnu-tools-for-stm32.12.3.rel1.win32_1.0.200.202406191623/tools/bin/../lib/gcc/arm-none-eabi/12.3.1/../../../../arm-none-eabi/bin/ld.exe: warning: ADFirmware_CM7.elf has a LOAD segment with RWX permissions
Finished building target: ADFirmware_CM7.elf
 
arm-none-eabi-size  ADFirmware_CM7.elf 
arm-none-eabi-objdump -h -S ADFirmware_CM7.elf  > "ADFirmware_CM7.list"
   text	   data	    bss	    dec	    hex	filename
 230796	    152	 385651	 616599	  96897	ADFirmware_CM7.elf
Finished building: default.size.stdout
 
Finished building: ADFirmware_CM7.list
 

09:38:25 Build Finished. 0 errors, 4 warnings. (took 5s.578ms)

