09:51:56 **** Build of configuration Debug for project ADFirmware_CM7 ****
make -j16 all 
arm-none-eabi-gcc "../Core/Middlewares/Services/System/system.c" -mcpu=cortex-m7 -std=gnu11 -g3 -DCORE_CM7 -DDATA_IN_D2_SRAM -DSTM32H755xx -DDEBUG -DUSE_HAL_DRIVER -c -I"C:/Users/frado/Desktop/Projekat_EPT/Firmware/Source/ADFirmware/Middlewares/Third_Party/LwIP/system" -I"C:/Users/frado/Desktop/Projekat_EPT/Firmware/Source/ADFirmware/Middlewares/Third_Party/LwIP/src/include" -I"C:/Users/frado/Desktop/Projekat_EPT/Firmware/Source/ADFirmware/Middlewares/Third_Party/FreeRTOS/Source/include" -I"C:/Users/frado/Desktop/Projekat_EPT/Firmware/Source/ADFirmware/Middlewares/Third_Party/FreeRTOS/Source/portable/GCC/ARM_CM4F" -I"C:/Users/frado/Desktop/Projekat_EPT/Firmware/Source/ADFirmware/Drivers/STM32H7xx_HAL_Driver/Inc" -I"C:/Users/frado/Desktop/Projekat_EPT/Firmware/Source/ADFirmware/Drivers/CMSIS/Include" -I"C:/Users/frado/Desktop/Projekat_EPT/Firmware/Source/ADFirmware/Drivers/BSP/Components/lan8742" -I"C:/Users/frado/Desktop/Projekat_EPT/Firmware/Source/ADFirmware/Drivers/CMSIS/Device/ST/STM32H7xx/Include" -I"C:/Users/frado/Desktop/Projekat_EPT/Firmware/Source/ADFirmware/CM7/Core/Configuration" -I"C:/Users/frado/Desktop/Projekat_EPT/Firmware/Source/ADFirmware/CM7/Core/Drivers/Platform/LwIP" -I"C:/Users/frado/Desktop/Projekat_EPT/Firmware/Source/ADFirmware/CM7/Core/Middlewares/Services/Network/" -I"C:/Users/frado/Desktop/Projekat_EPT/Firmware/Source/ADFirmware/CM7/Core/Drivers/Platform/Interrupts/" -I"C:/Users/frado/Desktop/Projekat_EPT/Firmware/Source/ADFirmware/CM7/Core/Drivers/Platform/System" -I"C:/Users/frado/Desktop/Projekat_EPT/Firmware/Source/ADFirmware/CM7/Core/Drivers/Platform/AnalogIN" -I"C:/Users/frado/Desktop/Projekat_EPT/Firmware/Source/ADFirmware/CM7/Core/Drivers/Platform/AnalogIN/ADS9224R" -I"C:/Users/frado/Desktop/Projekat_EPT/Firmware/Source/ADFirmware/CM7/Core/Drivers/Platform/AnalogOUT" -I"C:/Users/frado/Desktop/Projekat_EPT/Firmware/Source/ADFirmware/CM7/Core/Drivers/Platform/GPIO" -I"C:/Users/frado/Desktop/Projekat_EPT/Firmware/Source/ADFirmware/CM7/Core/Drivers/Platform/SPI" -I"C:/Users/frado/Desktop/Projekat_EPT/Firmware/Source/ADFirmware/CM7/Core/Middlewares/Services/System/" -I"C:/Users/frado/Desktop/Projekat_EPT/Firmware/Source/ADFirmware/CM7/Core/Drivers/Platform/UART" -I"C:/Users/frado/Desktop/Projekat_EPT/Firmware/Source/ADFirmware/CM7/Core/Middlewares/Services/Logging/" -I"C:/Users/frado/Desktop/Projekat_EPT/Firmware/Source/ADFirmware/CM7/Core/Middlewares/Services/Control/" -I"C:/Users/frado/Desktop/Projekat_EPT/Firmware/Source/ADFirmware/CM7/Core/Middlewares/Services/DPControl/" -I"C:/Users/frado/Desktop/Projekat_EPT/Firmware/Source/ADFirmware/CM7/Core/Middlewares/Services/SamplesStream/" -I"C:/Users/frado/Desktop/Projekat_EPT/Firmware/Source/ADFirmware/CM7/Core/Middlewares/Services/ED" -I"C:/Users/frado/Desktop/Projekat_EPT/Firmware/Source/ADFirmware/CM7/Core/Drivers/Platform/Timer" -I"C:/Users/frado/Desktop/Projekat_EPT/Firmware/Source/ADFirmware/Middlewares/Third_Party/FreeRTOS/Source/CMSIS_RTOS_V2" -O0 -ffunction-sections -fdata-sections -Wall -fstack-usage -fcyclomatic-complexity -MMD -MP -MF"Core/Middlewares/Services/System/system.d" -MT"Core/Middlewares/Services/System/system.o" --specs=nano.specs -mfpu=fpv5-d16 -mfloat-abi=hard -mthumb -o "Core/Middlewares/Services/System/system.o"
arm-none-eabi-gcc "../Core/Middlewares/Services/SamplesStream/sstream.c" -mcpu=cortex-m7 -std=gnu11 -g3 -DCORE_CM7 -DDATA_IN_D2_SRAM -DSTM32H755xx -DDEBUG -DUSE_HAL_DRIVER -c -I"C:/Users/frado/Desktop/Projekat_EPT/Firmware/Source/ADFirmware/Middlewares/Third_Party/LwIP/system" -I"C:/Users/frado/Desktop/Projekat_EPT/Firmware/Source/ADFirmware/Middlewares/Third_Party/LwIP/src/include" -I"C:/Users/frado/Desktop/Projekat_EPT/Firmware/Source/ADFirmware/Middlewares/Third_Party/FreeRTOS/Source/include" -I"C:/Users/frado/Desktop/Projekat_EPT/Firmware/Source/ADFirmware/Middlewares/Third_Party/FreeRTOS/Source/portable/GCC/ARM_CM4F" -I"C:/Users/frado/Desktop/Projekat_EPT/Firmware/Source/ADFirmware/Drivers/STM32H7xx_HAL_Driver/Inc" -I"C:/Users/frado/Desktop/Projekat_EPT/Firmware/Source/ADFirmware/Drivers/CMSIS/Include" -I"C:/Users/frado/Desktop/Projekat_EPT/Firmware/Source/ADFirmware/Drivers/BSP/Components/lan8742" -I"C:/Users/frado/Desktop/Projekat_EPT/Firmware/Source/ADFirmware/Drivers/CMSIS/Device/ST/STM32H7xx/Include" -I"C:/Users/frado/Desktop/Projekat_EPT/Firmware/Source/ADFirmware/CM7/Core/Configuration" -I"C:/Users/frado/Desktop/Projekat_EPT/Firmware/Source/ADFirmware/CM7/Core/Drivers/Platform/LwIP" -I"C:/Users/frado/Desktop/Projekat_EPT/Firmware/Source/ADFirmware/CM7/Core/Middlewares/Services/Network/" -I"C:/Users/frado/Desktop/Projekat_EPT/Firmware/Source/ADFirmware/CM7/Core/Drivers/Platform/Interrupts/" -I"C:/Users/frado/Desktop/Projekat_EPT/Firmware/Source/ADFirmware/CM7/Core/Drivers/Platform/System" -I"C:/Users/frado/Desktop/Projekat_EPT/Firmware/Source/ADFirmware/CM7/Core/Drivers/Platform/AnalogIN" -I"C:/Users/frado/Desktop/Projekat_EPT/Firmware/Source/ADFirmware/CM7/Core/Drivers/Platform/AnalogIN/ADS9224R" -I"C:/Users/frado/Desktop/Projekat_EPT/Firmware/Source/ADFirmware/CM7/Core/Drivers/Platform/AnalogOUT" -I"C:/Users/frado/Desktop/Projekat_EPT/Firmware/Source/ADFirmware/CM7/Core/Drivers/Platform/GPIO" -I"C:/Users/frado/Desktop/Projekat_EPT/Firmware/Source/ADFirmware/CM7/Core/Drivers/Platform/SPI" -I"C:/Users/frado/Desktop/Projekat_EPT/Firmware/Source/ADFirmware/CM7/Core/Middlewares/Services/System/" -I"C:/Users/frado/Desktop/Projekat_EPT/Firmware/Source/ADFirmware/CM7/Core/Drivers/Platform/UART" -I"C:/Users/frado/Desktop/Projekat_EPT/Firmware/Source/ADFirmware/CM7/Core/Middlewares/Services/Logging/" -I"C:/Users/frado/Desktop/Projekat_EPT/Firmware/Source/ADFirmware/CM7/Core/Middlewares/Services/Control/" -I"C:/Users/frado/Desktop/Projekat_EPT/Firmware/Source/ADFirmware/CM7/Core/Middlewares/Services/DPControl/" -I"C:/Users/frado/Desktop/Projekat_EPT/Firmware/Source/ADFirmware/CM7/Core/Middlewares/Services/SamplesStream/" -I"C:/Users/frado/Desktop/Projekat_EPT/Firmware/Source/ADFirmware/CM7/Core/Middlewares/Services/ED" -I"C:/Users/frado/Desktop/Projekat_EPT/Firmware/Source/ADFirmware/CM7/Core/Drivers/Platform/Timer" -I"C:/Users/frado/Desktop/Projekat_EPT/Firmware/Source/ADFirmware/Middlewares/Third_Party/FreeRTOS/Source/CMSIS_RTOS_V2" -O0 -ffunction-sections -fdata-sections -Wall -fstack-usage -fcyclomatic-complexity -MMD -MP -MF"Core/Middlewares/Services/SamplesStream/sstream.d" -MT"Core/Middlewares/Services/SamplesStream/sstream.o" --specs=nano.specs -mfpu=fpv5-d16 -mfloat-abi=hard -mthumb -o "Core/Middlewares/Services/SamplesStream/sstream.o"
arm-none-eabi-gcc "../Core/Middlewares/Services/Network/network.c" -mcpu=cortex-m7 -std=gnu11 -g3 -DCORE_CM7 -DDATA_IN_D2_SRAM -DSTM32H755xx -DDEBUG -DUSE_HAL_DRIVER -c -I"C:/Users/frado/Desktop/Projekat_EPT/Firmware/Source/ADFirmware/Middlewares/Third_Party/LwIP/system" -I"C:/Users/frado/Desktop/Projekat_EPT/Firmware/Source/ADFirmware/Middlewares/Third_Party/LwIP/src/include" -I"C:/Users/frado/Desktop/Projekat_EPT/Firmware/Source/ADFirmware/Middlewares/Third_Party/FreeRTOS/Source/include" -I"C:/Users/frado/Desktop/Projekat_EPT/Firmware/Source/ADFirmware/Middlewares/Third_Party/FreeRTOS/Source/portable/GCC/ARM_CM4F" -I"C:/Users/frado/Desktop/Projekat_EPT/Firmware/Source/ADFirmware/Drivers/STM32H7xx_HAL_Driver/Inc" -I"C:/Users/frado/Desktop/Projekat_EPT/Firmware/Source/ADFirmware/Drivers/CMSIS/Include" -I"C:/Users/frado/Desktop/Projekat_EPT/Firmware/Source/ADFirmware/Drivers/BSP/Components/lan8742" -I"C:/Users/frado/Desktop/Projekat_EPT/Firmware/Source/ADFirmware/Drivers/CMSIS/Device/ST/STM32H7xx/Include" -I"C:/Users/frado/Desktop/Projekat_EPT/Firmware/Source/ADFirmware/CM7/Core/Configuration" -I"C:/Users/frado/Desktop/Projekat_EPT/Firmware/Source/ADFirmware/CM7/Core/Drivers/Platform/LwIP" -I"C:/Users/frado/Desktop/Projekat_EPT/Firmware/Source/ADFirmware/CM7/Core/Middlewares/Services/Network/" -I"C:/Users/frado/Desktop/Projekat_EPT/Firmware/Source/ADFirmware/CM7/Core/Drivers/Platform/Interrupts/" -I"C:/Users/frado/Desktop/Projekat_EPT/Firmware/Source/ADFirmware/CM7/Core/Drivers/Platform/System" -I"C:/Users/frado/Desktop/Projekat_EPT/Firmware/Source/ADFirmware/CM7/Core/Drivers/Platform/AnalogIN" -I"C:/Users/frado/Desktop/Projekat_EPT/Firmware/Source/ADFirmware/CM7/Core/Drivers/Platform/AnalogIN/ADS9224R" -I"C:/Users/frado/Desktop/Projekat_EPT/Firmware/Source/ADFirmware/CM7/Core/Drivers/Platform/AnalogOUT" -I"C:/Users/frado/Desktop/Projekat_EPT/Firmware/Source/ADFirmware/CM7/Core/Drivers/Platform/GPIO" -I"C:/Users/frado/Desktop/Projekat_EPT/Firmware/Source/ADFirmware/CM7/Core/Drivers/Platform/SPI" -I"C:/Users/frado/Desktop/Projekat_EPT/Firmware/Source/ADFirmware/CM7/Core/Middlewares/Services/System/" -I"C:/Users/frado/Desktop/Projekat_EPT/Firmware/Source/ADFirmware/CM7/Core/Drivers/Platform/UART" -I"C:/Users/frado/Desktop/Projekat_EPT/Firmware/Source/ADFirmware/CM7/Core/Middlewares/Services/Logging/" -I"C:/Users/frado/Desktop/Projekat_EPT/Firmware/Source/ADFirmware/CM7/Core/Middlewares/Services/Control/" -I"C:/Users/frado/Desktop/Projekat_EPT/Firmware/Source/ADFirmware/CM7/Core/Middlewares/Services/DPControl/" -I"C:/Users/frado/Desktop/Projekat_EPT/Firmware/Source/ADFirmware/CM7/Core/Middlewares/Services/SamplesStream/" -I"C:/Users/frado/Desktop/Projekat_EPT/Firmware/Source/ADFirmware/CM7/Core/Middlewares/Services/ED" -I"C:/Users/frado/Desktop/Projekat_EPT/Firmware/Source/ADFirmware/CM7/Core/Drivers/Platform/Timer" -I"C:/Users/frado/Desktop/Projekat_EPT/Firmware/Source/ADFirmware/Middlewares/Third_Party/FreeRTOS/Source/CMSIS_RTOS_V2" -O0 -ffunction-sections -fdata-sections -Wall -fstack-usage -fcyclomatic-complexity -MMD -MP -MF"Core/Middlewares/Services/Network/network.d" -MT"Core/Middlewares/Services/Network/network.o" --specs=nano.specs -mfpu=fpv5-d16 -mfloat-abi=hard -mthumb -o "Core/Middlewares/Services/Network/network.o"
arm-none-eabi-gcc "../Core/Middlewares/Services/Logging/logging.c" -mcpu=cortex-m7 -std=gnu11 -g3 -DCORE_CM7 -DDATA_IN_D2_SRAM -DSTM32H755xx -DDEBUG -DUSE_HAL_DRIVER -c -I"C:/Users/frado/Desktop/Projekat_EPT/Firmware/Source/ADFirmware/Middlewares/Third_Party/LwIP/system" -I"C:/Users/frado/Desktop/Projekat_EPT/Firmware/Source/ADFirmware/Middlewares/Third_Party/LwIP/src/include" -I"C:/Users/frado/Desktop/Projekat_EPT/Firmware/Source/ADFirmware/Middlewares/Third_Party/FreeRTOS/Source/include" -I"C:/Users/frado/Desktop/Projekat_EPT/Firmware/Source/ADFirmware/Middlewares/Third_Party/FreeRTOS/Source/portable/GCC/ARM_CM4F" -I"C:/Users/frado/Desktop/Projekat_EPT/Firmware/Source/ADFirmware/Drivers/STM32H7xx_HAL_Driver/Inc" -I"C:/Users/frado/Desktop/Projekat_EPT/Firmware/Source/ADFirmware/Drivers/CMSIS/Include" -I"C:/Users/frado/Desktop/Projekat_EPT/Firmware/Source/ADFirmware/Drivers/BSP/Components/lan8742" -I"C:/Users/frado/Desktop/Projekat_EPT/Firmware/Source/ADFirmware/Drivers/CMSIS/Device/ST/STM32H7xx/Include" -I"C:/Users/frado/Desktop/Projekat_EPT/Firmware/Source/ADFirmware/CM7/Core/Configuration" -I"C:/Users/frado/Desktop/Projekat_EPT/Firmware/Source/ADFirmware/CM7/Core/Drivers/Platform/LwIP" -I"C:/Users/frado/Desktop/Projekat_EPT/Firmware/Source/ADFirmware/CM7/Core/Middlewares/Services/Network/" -I"C:/Users/frado/Desktop/Projekat_EPT/Firmware/Source/ADFirmware/CM7/Core/Drivers/Platform/Interrupts/" -I"C:/Users/frado/Desktop/Projekat_EPT/Firmware/Source/ADFirmware/CM7/Core/Drivers/Platform/System" -I"C:/Users/frado/Desktop/Projekat_EPT/Firmware/Source/ADFirmware/CM7/Core/Drivers/Platform/AnalogIN" -I"C:/Users/frado/Desktop/Projekat_EPT/Firmware/Source/ADFirmware/CM7/Core/Drivers/Platform/AnalogIN/ADS9224R" -I"C:/Users/frado/Desktop/Projekat_EPT/Firmware/Source/ADFirmware/CM7/Core/Drivers/Platform/AnalogOUT" -I"C:/Users/frado/Desktop/Projekat_EPT/Firmware/Source/ADFirmware/CM7/Core/Drivers/Platform/GPIO" -I"C:/Users/frado/Desktop/Projekat_EPT/Firmware/Source/ADFirmware/CM7/Core/Drivers/Platform/SPI" -I"C:/Users/frado/Desktop/Projekat_EPT/Firmware/Source/ADFirmware/CM7/Core/Middlewares/Services/System/" -I"C:/Users/frado/Desktop/Projekat_EPT/Firmware/Source/ADFirmware/CM7/Core/Drivers/Platform/UART" -I"C:/Users/frado/Desktop/Projekat_EPT/Firmware/Source/ADFirmware/CM7/Core/Middlewares/Services/Logging/" -I"C:/Users/frado/Desktop/Projekat_EPT/Firmware/Source/ADFirmware/CM7/Core/Middlewares/Services/Control/" -I"C:/Users/frado/Desktop/Projekat_EPT/Firmware/Source/ADFirmware/CM7/Core/Middlewares/Services/DPControl/" -I"C:/Users/frado/Desktop/Projekat_EPT/Firmware/Source/ADFirmware/CM7/Core/Middlewares/Services/SamplesStream/" -I"C:/Users/frado/Desktop/Projekat_EPT/Firmware/Source/ADFirmware/CM7/Core/Middlewares/Services/ED" -I"C:/Users/frado/Desktop/Projekat_EPT/Firmware/Source/ADFirmware/CM7/Core/Drivers/Platform/Timer" -I"C:/Users/frado/Desktop/Projekat_EPT/Firmware/Source/ADFirmware/Middlewares/Third_Party/FreeRTOS/Source/CMSIS_RTOS_V2" -O0 -ffunction-sections -fdata-sections -Wall -fstack-usage -fcyclomatic-complexity -MMD -MP -MF"Core/Middlewares/Services/Logging/logging.d" -MT"Core/Middlewares/Services/Logging/logging.o" --specs=nano.specs -mfpu=fpv5-d16 -mfloat-abi=hard -mthumb -o "Core/Middlewares/Services/Logging/logging.o"
arm-none-eabi-gcc "../Core/Middlewares/Services/ED/energy_debugger.c" -mcpu=cortex-m7 -std=gnu11 -g3 -DCORE_CM7 -DDATA_IN_D2_SRAM -DSTM32H755xx -DDEBUG -DUSE_HAL_DRIVER -c -I"C:/Users/frado/Desktop/Projekat_EPT/Firmware/Source/ADFirmware/Middlewares/Third_Party/LwIP/system" -I"C:/Users/frado/Desktop/Projekat_EPT/Firmware/Source/ADFirmware/Middlewares/Third_Party/LwIP/src/include" -I"C:/Users/frado/Desktop/Projekat_EPT/Firmware/Source/ADFirmware/Middlewares/Third_Party/FreeRTOS/Source/CMSIS_RTOS_V2" -I"C:/Users/frado/Desktop/Projekat_EPT/Firmware/Source/ADFirmware/Middlewares/Third_Party/FreeRTOS/Source/include" -I"C:/Users/frado/Desktop/Projekat_EPT/Firmware/Source/ADFirmware/Middlewares/Third_Party/FreeRTOS/Source/portable/GCC/ARM_CM4F" -I"C:/Users/frado/Desktop/Projekat_EPT/Firmware/Source/ADFirmware/Drivers/STM32H7xx_HAL_Driver/Inc" -I"C:/Users/frado/Desktop/Projekat_EPT/Firmware/Source/ADFirmware/Drivers/CMSIS/Include" -I"C:/Users/frado/Desktop/Projekat_EPT/Firmware/Source/ADFirmware/Drivers/BSP/Components/lan8742" -I"C:/Users/frado/Desktop/Projekat_EPT/Firmware/Source/ADFirmware/Drivers/CMSIS/Device/ST/STM32H7xx/Include" -I"C:/Users/frado/Desktop/Projekat_EPT/Firmware/Source/ADFirmware/CM7/Core/Configuration" -I"C:/Users/frado/Desktop/Projekat_EPT/Firmware/Source/ADFirmware/CM7/Core/Drivers/Platform/LwIP" -I"C:/Users/frado/Desktop/Projekat_EPT/Firmware/Source/ADFirmware/CM7/Core/Middlewares/Services/Network/" -I"C:/Users/frado/Desktop/Projekat_EPT/Firmware/Source/ADFirmware/CM7/Core/Drivers/Platform/Interrupts/" -I"C:/Users/frado/Desktop/Projekat_EPT/Firmware/Source/ADFirmware/CM7/Core/Drivers/Platform/System" -I"C:/Users/frado/Desktop/Projekat_EPT/Firmware/Source/ADFirmware/CM7/Core/Drivers/Platform/AnalogIN" -I"C:/Users/frado/Desktop/Projekat_EPT/Firmware/Source/ADFirmware/CM7/Core/Drivers/Platform/GPIO" -I"C:/Users/frado/Desktop/Projekat_EPT/Firmware/Source/ADFirmware/CM7/Core/Middlewares/Services/System/" -I"C:/Users/frado/Desktop/Projekat_EPT/Firmware/Source/ADFirmware/CM7/Core/Drivers/Platform/UART" -I"C:/Users/frado/Desktop/Projekat_EPT/Firmware/Source/ADFirmware/CM7/Core/Middlewares/Services/Logging/" -I"C:/Users/frado/Desktop/Projekat_EPT/Firmware/Source/ADFirmware/CM7/Core/Middlewares/Services/Control/" -I"C:/Users/frado/Desktop/Projekat_EPT/Firmware/Source/ADFirmware/CM7/Core/Middlewares/Services/SamplesStream/" -I"C:/Users/frado/Desktop/Projekat_EPT/Firmware/Source/ADFirmware/CM7/Core/Middlewares/Services/ED" -O0 -ffunction-sections -fdata-sections -Wall -fstack-usage -fcyclomatic-complexity -MMD -MP -MF"Core/Middlewares/Services/ED/energy_debugger.d" -MT"Core/Middlewares/Services/ED/energy_debugger.o" --specs=nano.specs -mfpu=fpv5-d16 -mfloat-abi=hard -mthumb -o "Core/Middlewares/Services/ED/energy_debugger.o"
arm-none-eabi-gcc "../Core/Middlewares/Services/DPControl/dpcontrol.c" -mcpu=cortex-m7 -std=gnu11 -g3 -DCORE_CM7 -DDATA_IN_D2_SRAM -DSTM32H755xx -DDEBUG -DUSE_HAL_DRIVER -c -I"C:/Users/frado/Desktop/Projekat_EPT/Firmware/Source/ADFirmware/Middlewares/Third_Party/LwIP/system" -I"C:/Users/frado/Desktop/Projekat_EPT/Firmware/Source/ADFirmware/Middlewares/Third_Party/LwIP/src/include" -I"C:/Users/frado/Desktop/Projekat_EPT/Firmware/Source/ADFirmware/Middlewares/Third_Party/FreeRTOS/Source/include" -I"C:/Users/frado/Desktop/Projekat_EPT/Firmware/Source/ADFirmware/Middlewares/Third_Party/FreeRTOS/Source/portable/GCC/ARM_CM4F" -I"C:/Users/frado/Desktop/Projekat_EPT/Firmware/Source/ADFirmware/Drivers/STM32H7xx_HAL_Driver/Inc" -I"C:/Users/frado/Desktop/Projekat_EPT/Firmware/Source/ADFirmware/Drivers/CMSIS/Include" -I"C:/Users/frado/Desktop/Projekat_EPT/Firmware/Source/ADFirmware/Drivers/BSP/Components/lan8742" -I"C:/Users/frado/Desktop/Projekat_EPT/Firmware/Source/ADFirmware/Drivers/CMSIS/Device/ST/STM32H7xx/Include" -I"C:/Users/frado/Desktop/Projekat_EPT/Firmware/Source/ADFirmware/CM7/Core/Configuration" -I"C:/Users/frado/Desktop/Projekat_EPT/Firmware/Source/ADFirmware/CM7/Core/Drivers/Platform/LwIP" -I"C:/Users/frado/Desktop/Projekat_EPT/Firmware/Source/ADFirmware/CM7/Core/Middlewares/Services/Network/" -I"C:/Users/frado/Desktop/Projekat_EPT/Firmware/Source/ADFirmware/CM7/Core/Drivers/Platform/Interrupts/" -I"C:/Users/frado/Desktop/Projekat_EPT/Firmware/Source/ADFirmware/CM7/Core/Drivers/Platform/System" -I"C:/Users/frado/Desktop/Projekat_EPT/Firmware/Source/ADFirmware/CM7/Core/Drivers/Platform/AnalogIN" -I"C:/Users/frado/Desktop/Projekat_EPT/Firmware/Source/ADFirmware/CM7/Core/Drivers/Platform/AnalogIN/ADS9224R" -I"C:/Users/frado/Desktop/Projekat_EPT/Firmware/Source/ADFirmware/CM7/Core/Drivers/Platform/AnalogOUT" -I"C:/Users/frado/Desktop/Projekat_EPT/Firmware/Source/ADFirmware/CM7/Core/Drivers/Platform/GPIO" -I"C:/Users/frado/Desktop/Projekat_EPT/Firmware/Source/ADFirmware/CM7/Core/Drivers/Platform/SPI" -I"C:/Users/frado/Desktop/Projekat_EPT/Firmware/Source/ADFirmware/CM7/Core/Middlewares/Services/System/" -I"C:/Users/frado/Desktop/Projekat_EPT/Firmware/Source/ADFirmware/CM7/Core/Drivers/Platform/UART" -I"C:/Users/frado/Desktop/Projekat_EPT/Firmware/Source/ADFirmware/CM7/Core/Middlewares/Services/Logging/" -I"C:/Users/frado/Desktop/Projekat_EPT/Firmware/Source/ADFirmware/CM7/Core/Middlewares/Services/Control/" -I"C:/Users/frado/Desktop/Projekat_EPT/Firmware/Source/ADFirmware/CM7/Core/Middlewares/Services/DPControl/" -I"C:/Users/frado/Desktop/Projekat_EPT/Firmware/Source/ADFirmware/CM7/Core/Middlewares/Services/SamplesStream/" -I"C:/Users/frado/Desktop/Projekat_EPT/Firmware/Source/ADFirmware/CM7/Core/Middlewares/Services/ED" -I"C:/Users/frado/Desktop/Projekat_EPT/Firmware/Source/ADFirmware/CM7/Core/Drivers/Platform/Timer" -I"C:/Users/frado/Desktop/Projekat_EPT/Firmware/Source/ADFirmware/Middlewares/Third_Party/FreeRTOS/Source/CMSIS_RTOS_V2" -O0 -ffunction-sections -fdata-sections -Wall -fstack-usage -fcyclomatic-complexity -MMD -MP -MF"Core/Middlewares/Services/DPControl/dpcontrol.d" -MT"Core/Middlewares/Services/DPControl/dpcontrol.o" --specs=nano.specs -mfpu=fpv5-d16 -mfloat-abi=hard -mthumb -o "Core/Middlewares/Services/DPControl/dpcontrol.o"
arm-none-eabi-gcc "../Core/Middlewares/Services/Control/control.c" -mcpu=cortex-m7 -std=gnu11 -g3 -DCORE_CM7 -DDATA_IN_D2_SRAM -DSTM32H755xx -DDEBUG -DUSE_HAL_DRIVER -c -I"C:/Users/frado/Desktop/Projekat_EPT/Firmware/Source/ADFirmware/Middlewares/Third_Party/LwIP/system" -I"C:/Users/frado/Desktop/Projekat_EPT/Firmware/Source/ADFirmware/Middlewares/Third_Party/LwIP/src/include" -I"C:/Users/frado/Desktop/Projekat_EPT/Firmware/Source/ADFirmware/Middlewares/Third_Party/FreeRTOS/Source/include" -I"C:/Users/frado/Desktop/Projekat_EPT/Firmware/Source/ADFirmware/Middlewares/Third_Party/FreeRTOS/Source/portable/GCC/ARM_CM4F" -I"C:/Users/frado/Desktop/Projekat_EPT/Firmware/Source/ADFirmware/Drivers/STM32H7xx_HAL_Driver/Inc" -I"C:/Users/frado/Desktop/Projekat_EPT/Firmware/Source/ADFirmware/Drivers/CMSIS/Include" -I"C:/Users/frado/Desktop/Projekat_EPT/Firmware/Source/ADFirmware/Drivers/BSP/Components/lan8742" -I"C:/Users/frado/Desktop/Projekat_EPT/Firmware/Source/ADFirmware/Drivers/CMSIS/Device/ST/STM32H7xx/Include" -I"C:/Users/frado/Desktop/Projekat_EPT/Firmware/Source/ADFirmware/CM7/Core/Configuration" -I"C:/Users/frado/Desktop/Projekat_EPT/Firmware/Source/ADFirmware/CM7/Core/Drivers/Platform/LwIP" -I"C:/Users/frado/Desktop/Projekat_EPT/Firmware/Source/ADFirmware/CM7/Core/Middlewares/Services/Network/" -I"C:/Users/frado/Desktop/Projekat_EPT/Firmware/Source/ADFirmware/CM7/Core/Drivers/Platform/Interrupts/" -I"C:/Users/frado/Desktop/Projekat_EPT/Firmware/Source/ADFirmware/CM7/Core/Drivers/Platform/System" -I"C:/Users/frado/Desktop/Projekat_EPT/Firmware/Source/ADFirmware/CM7/Core/Drivers/Platform/AnalogIN" -I"C:/Users/frado/Desktop/Projekat_EPT/Firmware/Source/ADFirmware/CM7/Core/Drivers/Platform/AnalogIN/ADS9224R" -I"C:/Users/frado/Desktop/Projekat_EPT/Firmware/Source/ADFirmware/CM7/Core/Drivers/Platform/AnalogOUT" -I"C:/Users/frado/Desktop/Projekat_EPT/Firmware/Source/ADFirmware/CM7/Core/Drivers/Platform/GPIO" -I"C:/Users/frado/Desktop/Projekat_EPT/Firmware/Source/ADFirmware/CM7/Core/Drivers/Platform/SPI" -I"C:/Users/frado/Desktop/Projekat_EPT/Firmware/Source/ADFirmware/CM7/Core/Middlewares/Services/System/" -I"C:/Users/frado/Desktop/Projekat_EPT/Firmware/Source/ADFirmware/CM7/Core/Drivers/Platform/UART" -I"C:/Users/frado/Desktop/Projekat_EPT/Firmware/Source/ADFirmware/CM7/Core/Middlewares/Services/Logging/" -I"C:/Users/frado/Desktop/Projekat_EPT/Firmware/Source/ADFirmware/CM7/Core/Middlewares/Services/Control/" -I"C:/Users/frado/Desktop/Projekat_EPT/Firmware/Source/ADFirmware/CM7/Core/Middlewares/Services/DPControl/" -I"C:/Users/frado/Desktop/Projekat_EPT/Firmware/Source/ADFirmware/CM7/Core/Middlewares/Services/SamplesStream/" -I"C:/Users/frado/Desktop/Projekat_EPT/Firmware/Source/ADFirmware/CM7/Core/Middlewares/Services/ED" -I"C:/Users/frado/Desktop/Projekat_EPT/Firmware/Source/ADFirmware/CM7/Core/Drivers/Platform/Timer" -I"C:/Users/frado/Desktop/Projekat_EPT/Firmware/Source/ADFirmware/Middlewares/Third_Party/FreeRTOS/Source/CMSIS_RTOS_V2" -O0 -ffunction-sections -fdata-sections -Wall -fstack-usage -fcyclomatic-complexity -MMD -MP -MF"Core/Middlewares/Services/Control/control.d" -MT"Core/Middlewares/Services/Control/control.o" --specs=nano.specs -mfpu=fpv5-d16 -mfloat-abi=hard -mthumb -o "Core/Middlewares/Services/Control/control.o"
arm-none-eabi-gcc "../Core/Drivers/Platform/UART/drv_uart.c" -mcpu=cortex-m7 -std=gnu11 -g3 -DCORE_CM7 -DDATA_IN_D2_SRAM -DSTM32H755xx -DDEBUG -DUSE_HAL_DRIVER -c -I"C:/Users/frado/Desktop/Projekat_EPT/Firmware/Source/ADFirmware/Middlewares/Third_Party/LwIP/system" -I"C:/Users/frado/Desktop/Projekat_EPT/Firmware/Source/ADFirmware/Middlewares/Third_Party/LwIP/src/include" -I"C:/Users/frado/Desktop/Projekat_EPT/Firmware/Source/ADFirmware/Middlewares/Third_Party/FreeRTOS/Source/include" -I"C:/Users/frado/Desktop/Projekat_EPT/Firmware/Source/ADFirmware/Middlewares/Third_Party/FreeRTOS/Source/portable/GCC/ARM_CM4F" -I"C:/Users/frado/Desktop/Projekat_EPT/Firmware/Source/ADFirmware/Drivers/STM32H7xx_HAL_Driver/Inc" -I"C:/Users/frado/Desktop/Projekat_EPT/Firmware/Source/ADFirmware/Drivers/CMSIS/Include" -I"C:/Users/frado/Desktop/Projekat_EPT/Firmware/Source/ADFirmware/Drivers/BSP/Components/lan8742" -I"C:/Users/frado/Desktop/Projekat_EPT/Firmware/Source/ADFirmware/Drivers/CMSIS/Device/ST/STM32H7xx/Include" -I"C:/Users/frado/Desktop/Projekat_EPT/Firmware/Source/ADFirmware/CM7/Core/Configuration" -I"C:/Users/frado/Desktop/Projekat_EPT/Firmware/Source/ADFirmware/CM7/Core/Drivers/Platform/LwIP" -I"C:/Users/frado/Desktop/Projekat_EPT/Firmware/Source/ADFirmware/CM7/Core/Middlewares/Services/Network/" -I"C:/Users/frado/Desktop/Projekat_EPT/Firmware/Source/ADFirmware/CM7/Core/Drivers/Platform/Interrupts/" -I"C:/Users/frado/Desktop/Projekat_EPT/Firmware/Source/ADFirmware/CM7/Core/Drivers/Platform/System" -I"C:/Users/frado/Desktop/Projekat_EPT/Firmware/Source/ADFirmware/CM7/Core/Drivers/Platform/AnalogIN" -I"C:/Users/frado/Desktop/Projekat_EPT/Firmware/Source/ADFirmware/CM7/Core/Drivers/Platform/AnalogIN/ADS9224R" -I"C:/Users/frado/Desktop/Projekat_EPT/Firmware/Source/ADFirmware/CM7/Core/Drivers/Platform/AnalogOUT" -I"C:/Users/frado/Desktop/Projekat_EPT/Firmware/Source/ADFirmware/CM7/Core/Drivers/Platform/GPIO" -I"C:/Users/frado/Desktop/Projekat_EPT/Firmware/Source/ADFirmware/CM7/Core/Drivers/Platform/SPI" -I"C:/Users/frado/Desktop/Projekat_EPT/Firmware/Source/ADFirmware/CM7/Core/Middlewares/Services/System/" -I"C:/Users/frado/Desktop/Projekat_EPT/Firmware/Source/ADFirmware/CM7/Core/Drivers/Platform/UART" -I"C:/Users/frado/Desktop/Projekat_EPT/Firmware/Source/ADFirmware/CM7/Core/Middlewares/Services/Logging/" -I"C:/Users/frado/Desktop/Projekat_EPT/Firmware/Source/ADFirmware/CM7/Core/Middlewares/Services/Control/" -I"C:/Users/frado/Desktop/Projekat_EPT/Firmware/Source/ADFirmware/CM7/Core/Middlewares/Services/DPControl/" -I"C:/Users/frado/Desktop/Projekat_EPT/Firmware/Source/ADFirmware/CM7/Core/Middlewares/Services/SamplesStream/" -I"C:/Users/frado/Desktop/Projekat_EPT/Firmware/Source/ADFirmware/CM7/Core/Middlewares/Services/ED" -I"C:/Users/frado/Desktop/Projekat_EPT/Firmware/Source/ADFirmware/CM7/Core/Drivers/Platform/Timer" -I"C:/Users/frado/Desktop/Projekat_EPT/Firmware/Source/ADFirmware/Middlewares/Third_Party/FreeRTOS/Source/CMSIS_RTOS_V2" -O0 -ffunction-sections -fdata-sections -Wall -fstack-usage -fcyclomatic-complexity -MMD -MP -MF"Core/Drivers/Platform/UART/drv_uart.d" -MT"Core/Drivers/Platform/UART/drv_uart.o" --specs=nano.specs -mfpu=fpv5-d16 -mfloat-abi=hard -mthumb -o "Core/Drivers/Platform/UART/drv_uart.o"
arm-none-eabi-gcc "../Core/Drivers/Platform/Timer/drv_timer.c" -mcpu=cortex-m7 -std=gnu11 -g3 -DCORE_CM7 -DDATA_IN_D2_SRAM -DSTM32H755xx -DDEBUG -DUSE_HAL_DRIVER -c -I"C:/Users/frado/Desktop/Projekat_EPT/Firmware/Source/ADFirmware/Middlewares/Third_Party/LwIP/system" -I"C:/Users/frado/Desktop/Projekat_EPT/Firmware/Source/ADFirmware/Middlewares/Third_Party/LwIP/src/include" -I"C:/Users/frado/Desktop/Projekat_EPT/Firmware/Source/ADFirmware/Middlewares/Third_Party/FreeRTOS/Source/include" -I"C:/Users/frado/Desktop/Projekat_EPT/Firmware/Source/ADFirmware/Middlewares/Third_Party/FreeRTOS/Source/portable/GCC/ARM_CM4F" -I"C:/Users/frado/Desktop/Projekat_EPT/Firmware/Source/ADFirmware/Drivers/STM32H7xx_HAL_Driver/Inc" -I"C:/Users/frado/Desktop/Projekat_EPT/Firmware/Source/ADFirmware/Drivers/CMSIS/Include" -I"C:/Users/frado/Desktop/Projekat_EPT/Firmware/Source/ADFirmware/Drivers/BSP/Components/lan8742" -I"C:/Users/frado/Desktop/Projekat_EPT/Firmware/Source/ADFirmware/Drivers/CMSIS/Device/ST/STM32H7xx/Include" -I"C:/Users/frado/Desktop/Projekat_EPT/Firmware/Source/ADFirmware/CM7/Core/Configuration" -I"C:/Users/frado/Desktop/Projekat_EPT/Firmware/Source/ADFirmware/CM7/Core/Drivers/Platform/LwIP" -I"C:/Users/frado/Desktop/Projekat_EPT/Firmware/Source/ADFirmware/CM7/Core/Middlewares/Services/Network/" -I"C:/Users/frado/Desktop/Projekat_EPT/Firmware/Source/ADFirmware/CM7/Core/Drivers/Platform/Interrupts/" -I"C:/Users/frado/Desktop/Projekat_EPT/Firmware/Source/ADFirmware/CM7/Core/Drivers/Platform/System" -I"C:/Users/frado/Desktop/Projekat_EPT/Firmware/Source/ADFirmware/CM7/Core/Drivers/Platform/AnalogIN" -I"C:/Users/frado/Desktop/Projekat_EPT/Firmware/Source/ADFirmware/CM7/Core/Drivers/Platform/AnalogIN/ADS9224R" -I"C:/Users/frado/Desktop/Projekat_EPT/Firmware/Source/ADFirmware/CM7/Core/Drivers/Platform/AnalogOUT" -I"C:/Users/frado/Desktop/Projekat_EPT/Firmware/Source/ADFirmware/CM7/Core/Drivers/Platform/GPIO" -I"C:/Users/frado/Desktop/Projekat_EPT/Firmware/Source/ADFirmware/CM7/Core/Drivers/Platform/SPI" -I"C:/Users/frado/Desktop/Projekat_EPT/Firmware/Source/ADFirmware/CM7/Core/Middlewares/Services/System/" -I"C:/Users/frado/Desktop/Projekat_EPT/Firmware/Source/ADFirmware/CM7/Core/Drivers/Platform/UART" -I"C:/Users/frado/Desktop/Projekat_EPT/Firmware/Source/ADFirmware/CM7/Core/Middlewares/Services/Logging/" -I"C:/Users/frado/Desktop/Projekat_EPT/Firmware/Source/ADFirmware/CM7/Core/Middlewares/Services/Control/" -I"C:/Users/frado/Desktop/Projekat_EPT/Firmware/Source/ADFirmware/CM7/Core/Middlewares/Services/DPControl/" -I"C:/Users/frado/Desktop/Projekat_EPT/Firmware/Source/ADFirmware/CM7/Core/Middlewares/Services/SamplesStream/" -I"C:/Users/frado/Desktop/Projekat_EPT/Firmware/Source/ADFirmware/CM7/Core/Middlewares/Services/ED" -I"C:/Users/frado/Desktop/Projekat_EPT/Firmware/Source/ADFirmware/CM7/Core/Drivers/Platform/Timer" -I"C:/Users/frado/Desktop/Projekat_EPT/Firmware/Source/ADFirmware/Middlewares/Third_Party/FreeRTOS/Source/CMSIS_RTOS_V2" -O0 -ffunction-sections -fdata-sections -Wall -fstack-usage -fcyclomatic-complexity -MMD -MP -MF"Core/Drivers/Platform/Timer/drv_timer.d" -MT"Core/Drivers/Platform/Timer/drv_timer.o" --specs=nano.specs -mfpu=fpv5-d16 -mfloat-abi=hard -mthumb -o "Core/Drivers/Platform/Timer/drv_timer.o"
arm-none-eabi-gcc "../Core/Drivers/Platform/System/drv_system.c" -mcpu=cortex-m7 -std=gnu11 -g3 -DCORE_CM7 -DDATA_IN_D2_SRAM -DSTM32H755xx -DDEBUG -DUSE_HAL_DRIVER -c -I"C:/Users/frado/Desktop/Projekat_EPT/Firmware/Source/ADFirmware/Middlewares/Third_Party/LwIP/system" -I"C:/Users/frado/Desktop/Projekat_EPT/Firmware/Source/ADFirmware/Middlewares/Third_Party/LwIP/src/include" -I"C:/Users/frado/Desktop/Projekat_EPT/Firmware/Source/ADFirmware/Middlewares/Third_Party/FreeRTOS/Source/include" -I"C:/Users/frado/Desktop/Projekat_EPT/Firmware/Source/ADFirmware/Middlewares/Third_Party/FreeRTOS/Source/portable/GCC/ARM_CM4F" -I"C:/Users/frado/Desktop/Projekat_EPT/Firmware/Source/ADFirmware/Drivers/STM32H7xx_HAL_Driver/Inc" -I"C:/Users/frado/Desktop/Projekat_EPT/Firmware/Source/ADFirmware/Drivers/CMSIS/Include" -I"C:/Users/frado/Desktop/Projekat_EPT/Firmware/Source/ADFirmware/Drivers/BSP/Components/lan8742" -I"C:/Users/frado/Desktop/Projekat_EPT/Firmware/Source/ADFirmware/Drivers/CMSIS/Device/ST/STM32H7xx/Include" -I"C:/Users/frado/Desktop/Projekat_EPT/Firmware/Source/ADFirmware/CM7/Core/Configuration" -I"C:/Users/frado/Desktop/Projekat_EPT/Firmware/Source/ADFirmware/CM7/Core/Drivers/Platform/LwIP" -I"C:/Users/frado/Desktop/Projekat_EPT/Firmware/Source/ADFirmware/CM7/Core/Middlewares/Services/Network/" -I"C:/Users/frado/Desktop/Projekat_EPT/Firmware/Source/ADFirmware/CM7/Core/Drivers/Platform/Interrupts/" -I"C:/Users/frado/Desktop/Projekat_EPT/Firmware/Source/ADFirmware/CM7/Core/Drivers/Platform/System" -I"C:/Users/frado/Desktop/Projekat_EPT/Firmware/Source/ADFirmware/CM7/Core/Drivers/Platform/AnalogIN" -I"C:/Users/frado/Desktop/Projekat_EPT/Firmware/Source/ADFirmware/CM7/Core/Drivers/Platform/AnalogIN/ADS9224R" -I"C:/Users/frado/Desktop/Projekat_EPT/Firmware/Source/ADFirmware/CM7/Core/Drivers/Platform/AnalogOUT" -I"C:/Users/frado/Desktop/Projekat_EPT/Firmware/Source/ADFirmware/CM7/Core/Drivers/Platform/GPIO" -I"C:/Users/frado/Desktop/Projekat_EPT/Firmware/Source/ADFirmware/CM7/Core/Drivers/Platform/SPI" -I"C:/Users/frado/Desktop/Projekat_EPT/Firmware/Source/ADFirmware/CM7/Core/Middlewares/Services/System/" -I"C:/Users/frado/Desktop/Projekat_EPT/Firmware/Source/ADFirmware/CM7/Core/Drivers/Platform/UART" -I"C:/Users/frado/Desktop/Projekat_EPT/Firmware/Source/ADFirmware/CM7/Core/Middlewares/Services/Logging/" -I"C:/Users/frado/Desktop/Projekat_EPT/Firmware/Source/ADFirmware/CM7/Core/Middlewares/Services/Control/" -I"C:/Users/frado/Desktop/Projekat_EPT/Firmware/Source/ADFirmware/CM7/Core/Middlewares/Services/DPControl/" -I"C:/Users/frado/Desktop/Projekat_EPT/Firmware/Source/ADFirmware/CM7/Core/Middlewares/Services/SamplesStream/" -I"C:/Users/frado/Desktop/Projekat_EPT/Firmware/Source/ADFirmware/CM7/Core/Middlewares/Services/ED" -I"C:/Users/frado/Desktop/Projekat_EPT/Firmware/Source/ADFirmware/CM7/Core/Drivers/Platform/Timer" -I"C:/Users/frado/Desktop/Projekat_EPT/Firmware/Source/ADFirmware/Middlewares/Third_Party/FreeRTOS/Source/CMSIS_RTOS_V2" -O0 -ffunction-sections -fdata-sections -Wall -fstack-usage -fcyclomatic-complexity -MMD -MP -MF"Core/Drivers/Platform/System/drv_system.d" -MT"Core/Drivers/Platform/System/drv_system.o" --specs=nano.specs -mfpu=fpv5-d16 -mfloat-abi=hard -mthumb -o "Core/Drivers/Platform/System/drv_system.o"
arm-none-eabi-gcc "../Core/Drivers/Platform/SPI/drv_spi.c" -mcpu=cortex-m7 -std=gnu11 -g3 -DCORE_CM7 -DDATA_IN_D2_SRAM -DSTM32H755xx -DDEBUG -DUSE_HAL_DRIVER -c -I"C:/Users/frado/Desktop/Projekat_EPT/Firmware/Source/ADFirmware/Middlewares/Third_Party/LwIP/system" -I"C:/Users/frado/Desktop/Projekat_EPT/Firmware/Source/ADFirmware/Middlewares/Third_Party/LwIP/src/include" -I"C:/Users/frado/Desktop/Projekat_EPT/Firmware/Source/ADFirmware/Middlewares/Third_Party/FreeRTOS/Source/include" -I"C:/Users/frado/Desktop/Projekat_EPT/Firmware/Source/ADFirmware/Middlewares/Third_Party/FreeRTOS/Source/portable/GCC/ARM_CM4F" -I"C:/Users/frado/Desktop/Projekat_EPT/Firmware/Source/ADFirmware/Drivers/STM32H7xx_HAL_Driver/Inc" -I"C:/Users/frado/Desktop/Projekat_EPT/Firmware/Source/ADFirmware/Drivers/CMSIS/Include" -I"C:/Users/frado/Desktop/Projekat_EPT/Firmware/Source/ADFirmware/Drivers/BSP/Components/lan8742" -I"C:/Users/frado/Desktop/Projekat_EPT/Firmware/Source/ADFirmware/Drivers/CMSIS/Device/ST/STM32H7xx/Include" -I"C:/Users/frado/Desktop/Projekat_EPT/Firmware/Source/ADFirmware/CM7/Core/Configuration" -I"C:/Users/frado/Desktop/Projekat_EPT/Firmware/Source/ADFirmware/CM7/Core/Drivers/Platform/LwIP" -I"C:/Users/frado/Desktop/Projekat_EPT/Firmware/Source/ADFirmware/CM7/Core/Middlewares/Services/Network/" -I"C:/Users/frado/Desktop/Projekat_EPT/Firmware/Source/ADFirmware/CM7/Core/Drivers/Platform/Interrupts/" -I"C:/Users/frado/Desktop/Projekat_EPT/Firmware/Source/ADFirmware/CM7/Core/Drivers/Platform/System" -I"C:/Users/frado/Desktop/Projekat_EPT/Firmware/Source/ADFirmware/CM7/Core/Drivers/Platform/AnalogIN" -I"C:/Users/frado/Desktop/Projekat_EPT/Firmware/Source/ADFirmware/CM7/Core/Drivers/Platform/AnalogIN/ADS9224R" -I"C:/Users/frado/Desktop/Projekat_EPT/Firmware/Source/ADFirmware/CM7/Core/Drivers/Platform/AnalogOUT" -I"C:/Users/frado/Desktop/Projekat_EPT/Firmware/Source/ADFirmware/CM7/Core/Drivers/Platform/GPIO" -I"C:/Users/frado/Desktop/Projekat_EPT/Firmware/Source/ADFirmware/CM7/Core/Drivers/Platform/SPI" -I"C:/Users/frado/Desktop/Projekat_EPT/Firmware/Source/ADFirmware/CM7/Core/Middlewares/Services/System/" -I"C:/Users/frado/Desktop/Projekat_EPT/Firmware/Source/ADFirmware/CM7/Core/Drivers/Platform/UART" -I"C:/Users/frado/Desktop/Projekat_EPT/Firmware/Source/ADFirmware/CM7/Core/Middlewares/Services/Logging/" -I"C:/Users/frado/Desktop/Projekat_EPT/Firmware/Source/ADFirmware/CM7/Core/Middlewares/Services/Control/" -I"C:/Users/frado/Desktop/Projekat_EPT/Firmware/Source/ADFirmware/CM7/Core/Middlewares/Services/DPControl/" -I"C:/Users/frado/Desktop/Projekat_EPT/Firmware/Source/ADFirmware/CM7/Core/Middlewares/Services/SamplesStream/" -I"C:/Users/frado/Desktop/Projekat_EPT/Firmware/Source/ADFirmware/CM7/Core/Middlewares/Services/ED" -I"C:/Users/frado/Desktop/Projekat_EPT/Firmware/Source/ADFirmware/CM7/Core/Drivers/Platform/Timer" -I"C:/Users/frado/Desktop/Projekat_EPT/Firmware/Source/ADFirmware/Middlewares/Third_Party/FreeRTOS/Source/CMSIS_RTOS_V2" -O0 -ffunction-sections -fdata-sections -Wall -fstack-usage -fcyclomatic-complexity -MMD -MP -MF"Core/Drivers/Platform/SPI/drv_spi.d" -MT"Core/Drivers/Platform/SPI/drv_spi.o" --specs=nano.specs -mfpu=fpv5-d16 -mfloat-abi=hard -mthumb -o "Core/Drivers/Platform/SPI/drv_spi.o"
arm-none-eabi-gcc "../Core/Drivers/Platform/GPIO/drv_gpio.c" -mcpu=cortex-m7 -std=gnu11 -g3 -DCORE_CM7 -DDATA_IN_D2_SRAM -DSTM32H755xx -DDEBUG -DUSE_HAL_DRIVER -c -I"C:/Users/frado/Desktop/Projekat_EPT/Firmware/Source/ADFirmware/Middlewares/Third_Party/LwIP/system" -I"C:/Users/frado/Desktop/Projekat_EPT/Firmware/Source/ADFirmware/Middlewares/Third_Party/LwIP/src/include" -I"C:/Users/frado/Desktop/Projekat_EPT/Firmware/Source/ADFirmware/Middlewares/Third_Party/FreeRTOS/Source/include" -I"C:/Users/frado/Desktop/Projekat_EPT/Firmware/Source/ADFirmware/Middlewares/Third_Party/FreeRTOS/Source/portable/GCC/ARM_CM4F" -I"C:/Users/frado/Desktop/Projekat_EPT/Firmware/Source/ADFirmware/Drivers/STM32H7xx_HAL_Driver/Inc" -I"C:/Users/frado/Desktop/Projekat_EPT/Firmware/Source/ADFirmware/Drivers/CMSIS/Include" -I"C:/Users/frado/Desktop/Projekat_EPT/Firmware/Source/ADFirmware/Drivers/BSP/Components/lan8742" -I"C:/Users/frado/Desktop/Projekat_EPT/Firmware/Source/ADFirmware/Drivers/CMSIS/Device/ST/STM32H7xx/Include" -I"C:/Users/frado/Desktop/Projekat_EPT/Firmware/Source/ADFirmware/CM7/Core/Configuration" -I"C:/Users/frado/Desktop/Projekat_EPT/Firmware/Source/ADFirmware/CM7/Core/Drivers/Platform/LwIP" -I"C:/Users/frado/Desktop/Projekat_EPT/Firmware/Source/ADFirmware/CM7/Core/Middlewares/Services/Network/" -I"C:/Users/frado/Desktop/Projekat_EPT/Firmware/Source/ADFirmware/CM7/Core/Drivers/Platform/Interrupts/" -I"C:/Users/frado/Desktop/Projekat_EPT/Firmware/Source/ADFirmware/CM7/Core/Drivers/Platform/System" -I"C:/Users/frado/Desktop/Projekat_EPT/Firmware/Source/ADFirmware/CM7/Core/Drivers/Platform/AnalogIN" -I"C:/Users/frado/Desktop/Projekat_EPT/Firmware/Source/ADFirmware/CM7/Core/Drivers/Platform/AnalogIN/ADS9224R" -I"C:/Users/frado/Desktop/Projekat_EPT/Firmware/Source/ADFirmware/CM7/Core/Drivers/Platform/AnalogOUT" -I"C:/Users/frado/Desktop/Projekat_EPT/Firmware/Source/ADFirmware/CM7/Core/Drivers/Platform/GPIO" -I"C:/Users/frado/Desktop/Projekat_EPT/Firmware/Source/ADFirmware/CM7/Core/Drivers/Platform/SPI" -I"C:/Users/frado/Desktop/Projekat_EPT/Firmware/Source/ADFirmware/CM7/Core/Middlewares/Services/System/" -I"C:/Users/frado/Desktop/Projekat_EPT/Firmware/Source/ADFirmware/CM7/Core/Drivers/Platform/UART" -I"C:/Users/frado/Desktop/Projekat_EPT/Firmware/Source/ADFirmware/CM7/Core/Middlewares/Services/Logging/" -I"C:/Users/frado/Desktop/Projekat_EPT/Firmware/Source/ADFirmware/CM7/Core/Middlewares/Services/Control/" -I"C:/Users/frado/Desktop/Projekat_EPT/Firmware/Source/ADFirmware/CM7/Core/Middlewares/Services/DPControl/" -I"C:/Users/frado/Desktop/Projekat_EPT/Firmware/Source/ADFirmware/CM7/Core/Middlewares/Services/SamplesStream/" -I"C:/Users/frado/Desktop/Projekat_EPT/Firmware/Source/ADFirmware/CM7/Core/Middlewares/Services/ED" -I"C:/Users/frado/Desktop/Projekat_EPT/Firmware/Source/ADFirmware/CM7/Core/Drivers/Platform/Timer" -I"C:/Users/frado/Desktop/Projekat_EPT/Firmware/Source/ADFirmware/Middlewares/Third_Party/FreeRTOS/Source/CMSIS_RTOS_V2" -O0 -ffunction-sections -fdata-sections -Wall -fstack-usage -fcyclomatic-complexity -MMD -MP -MF"Core/Drivers/Platform/GPIO/drv_gpio.d" -MT"Core/Drivers/Platform/GPIO/drv_gpio.o" --specs=nano.specs -mfpu=fpv5-d16 -mfloat-abi=hard -mthumb -o "Core/Drivers/Platform/GPIO/drv_gpio.o"
arm-none-eabi-gcc "../Core/Drivers/Platform/AnalogIN/ADS9224R/ads9224r.c" -mcpu=cortex-m7 -std=gnu11 -g3 -DCORE_CM7 -DDATA_IN_D2_SRAM -DSTM32H755xx -DDEBUG -DUSE_HAL_DRIVER -c -I"C:/Users/frado/Desktop/Projekat_EPT/Firmware/Source/ADFirmware/Middlewares/Third_Party/LwIP/system" -I"C:/Users/frado/Desktop/Projekat_EPT/Firmware/Source/ADFirmware/Middlewares/Third_Party/LwIP/src/include" -I"C:/Users/frado/Desktop/Projekat_EPT/Firmware/Source/ADFirmware/Middlewares/Third_Party/FreeRTOS/Source/include" -I"C:/Users/frado/Desktop/Projekat_EPT/Firmware/Source/ADFirmware/Middlewares/Third_Party/FreeRTOS/Source/portable/GCC/ARM_CM4F" -I"C:/Users/frado/Desktop/Projekat_EPT/Firmware/Source/ADFirmware/Drivers/STM32H7xx_HAL_Driver/Inc" -I"C:/Users/frado/Desktop/Projekat_EPT/Firmware/Source/ADFirmware/Drivers/CMSIS/Include" -I"C:/Users/frado/Desktop/Projekat_EPT/Firmware/Source/ADFirmware/Drivers/BSP/Components/lan8742" -I"C:/Users/frado/Desktop/Projekat_EPT/Firmware/Source/ADFirmware/Drivers/CMSIS/Device/ST/STM32H7xx/Include" -I"C:/Users/frado/Desktop/Projekat_EPT/Firmware/Source/ADFirmware/CM7/Core/Configuration" -I"C:/Users/frado/Desktop/Projekat_EPT/Firmware/Source/ADFirmware/CM7/Core/Drivers/Platform/LwIP" -I"C:/Users/frado/Desktop/Projekat_EPT/Firmware/Source/ADFirmware/CM7/Core/Middlewares/Services/Network/" -I"C:/Users/frado/Desktop/Projekat_EPT/Firmware/Source/ADFirmware/CM7/Core/Drivers/Platform/Interrupts/" -I"C:/Users/frado/Desktop/Projekat_EPT/Firmware/Source/ADFirmware/CM7/Core/Drivers/Platform/System" -I"C:/Users/frado/Desktop/Projekat_EPT/Firmware/Source/ADFirmware/CM7/Core/Drivers/Platform/AnalogIN" -I"C:/Users/frado/Desktop/Projekat_EPT/Firmware/Source/ADFirmware/CM7/Core/Drivers/Platform/AnalogIN/ADS9224R" -I"C:/Users/frado/Desktop/Projekat_EPT/Firmware/Source/ADFirmware/CM7/Core/Drivers/Platform/AnalogOUT" -I"C:/Users/frado/Desktop/Projekat_EPT/Firmware/Source/ADFirmware/CM7/Core/Drivers/Platform/GPIO" -I"C:/Users/frado/Desktop/Projekat_EPT/Firmware/Source/ADFirmware/CM7/Core/Drivers/Platform/SPI" -I"C:/Users/frado/Desktop/Projekat_EPT/Firmware/Source/ADFirmware/CM7/Core/Middlewares/Services/System/" -I"C:/Users/frado/Desktop/Projekat_EPT/Firmware/Source/ADFirmware/CM7/Core/Drivers/Platform/UART" -I"C:/Users/frado/Desktop/Projekat_EPT/Firmware/Source/ADFirmware/CM7/Core/Middlewares/Services/Logging/" -I"C:/Users/frado/Desktop/Projekat_EPT/Firmware/Source/ADFirmware/CM7/Core/Middlewares/Services/Control/" -I"C:/Users/frado/Desktop/Projekat_EPT/Firmware/Source/ADFirmware/CM7/Core/Middlewares/Services/DPControl/" -I"C:/Users/frado/Desktop/Projekat_EPT/Firmware/Source/ADFirmware/CM7/Core/Middlewares/Services/SamplesStream/" -I"C:/Users/frado/Desktop/Projekat_EPT/Firmware/Source/ADFirmware/CM7/Core/Middlewares/Services/ED" -I"C:/Users/frado/Desktop/Projekat_EPT/Firmware/Source/ADFirmware/CM7/Core/Drivers/Platform/Timer" -I"C:/Users/frado/Desktop/Projekat_EPT/Firmware/Source/ADFirmware/Middlewares/Third_Party/FreeRTOS/Source/CMSIS_RTOS_V2" -O0 -ffunction-sections -fdata-sections -Wall -fstack-usage -fcyclomatic-complexity -MMD -MP -MF"Core/Drivers/Platform/AnalogIN/ADS9224R/ads9224r.d" -MT"Core/Drivers/Platform/AnalogIN/ADS9224R/ads9224r.o" --specs=nano.specs -mfpu=fpv5-d16 -mfloat-abi=hard -mthumb -o "Core/Drivers/Platform/AnalogIN/ADS9224R/ads9224r.o"
arm-none-eabi-gcc "../Core/Drivers/Platform/AnalogIN/drv_ain.c" -mcpu=cortex-m7 -std=gnu11 -g3 -DCORE_CM7 -DDATA_IN_D2_SRAM -DSTM32H755xx -DDEBUG -DUSE_HAL_DRIVER -c -I"C:/Users/frado/Desktop/Projekat_EPT/Firmware/Source/ADFirmware/Middlewares/Third_Party/LwIP/system" -I"C:/Users/frado/Desktop/Projekat_EPT/Firmware/Source/ADFirmware/Middlewares/Third_Party/LwIP/src/include" -I"C:/Users/frado/Desktop/Projekat_EPT/Firmware/Source/ADFirmware/Middlewares/Third_Party/FreeRTOS/Source/include" -I"C:/Users/frado/Desktop/Projekat_EPT/Firmware/Source/ADFirmware/Middlewares/Third_Party/FreeRTOS/Source/portable/GCC/ARM_CM4F" -I"C:/Users/frado/Desktop/Projekat_EPT/Firmware/Source/ADFirmware/Drivers/STM32H7xx_HAL_Driver/Inc" -I"C:/Users/frado/Desktop/Projekat_EPT/Firmware/Source/ADFirmware/Drivers/CMSIS/Include" -I"C:/Users/frado/Desktop/Projekat_EPT/Firmware/Source/ADFirmware/Drivers/BSP/Components/lan8742" -I"C:/Users/frado/Desktop/Projekat_EPT/Firmware/Source/ADFirmware/Drivers/CMSIS/Device/ST/STM32H7xx/Include" -I"C:/Users/frado/Desktop/Projekat_EPT/Firmware/Source/ADFirmware/CM7/Core/Configuration" -I"C:/Users/frado/Desktop/Projekat_EPT/Firmware/Source/ADFirmware/CM7/Core/Drivers/Platform/LwIP" -I"C:/Users/frado/Desktop/Projekat_EPT/Firmware/Source/ADFirmware/CM7/Core/Middlewares/Services/Network/" -I"C:/Users/frado/Desktop/Projekat_EPT/Firmware/Source/ADFirmware/CM7/Core/Drivers/Platform/Interrupts/" -I"C:/Users/frado/Desktop/Projekat_EPT/Firmware/Source/ADFirmware/CM7/Core/Drivers/Platform/System" -I"C:/Users/frado/Desktop/Projekat_EPT/Firmware/Source/ADFirmware/CM7/Core/Drivers/Platform/AnalogIN" -I"C:/Users/frado/Desktop/Projekat_EPT/Firmware/Source/ADFirmware/CM7/Core/Drivers/Platform/AnalogIN/ADS9224R" -I"C:/Users/frado/Desktop/Projekat_EPT/Firmware/Source/ADFirmware/CM7/Core/Drivers/Platform/AnalogOUT" -I"C:/Users/frado/Desktop/Projekat_EPT/Firmware/Source/ADFirmware/CM7/Core/Drivers/Platform/GPIO" -I"C:/Users/frado/Desktop/Projekat_EPT/Firmware/Source/ADFirmware/CM7/Core/Drivers/Platform/SPI" -I"C:/Users/frado/Desktop/Projekat_EPT/Firmware/Source/ADFirmware/CM7/Core/Middlewares/Services/System/" -I"C:/Users/frado/Desktop/Projekat_EPT/Firmware/Source/ADFirmware/CM7/Core/Drivers/Platform/UART" -I"C:/Users/frado/Desktop/Projekat_EPT/Firmware/Source/ADFirmware/CM7/Core/Middlewares/Services/Logging/" -I"C:/Users/frado/Desktop/Projekat_EPT/Firmware/Source/ADFirmware/CM7/Core/Middlewares/Services/Control/" -I"C:/Users/frado/Desktop/Projekat_EPT/Firmware/Source/ADFirmware/CM7/Core/Middlewares/Services/DPControl/" -I"C:/Users/frado/Desktop/Projekat_EPT/Firmware/Source/ADFirmware/CM7/Core/Middlewares/Services/SamplesStream/" -I"C:/Users/frado/Desktop/Projekat_EPT/Firmware/Source/ADFirmware/CM7/Core/Middlewares/Services/ED" -I"C:/Users/frado/Desktop/Projekat_EPT/Firmware/Source/ADFirmware/CM7/Core/Drivers/Platform/Timer" -I"C:/Users/frado/Desktop/Projekat_EPT/Firmware/Source/ADFirmware/Middlewares/Third_Party/FreeRTOS/Source/CMSIS_RTOS_V2" -O0 -ffunction-sections -fdata-sections -Wall -fstack-usage -fcyclomatic-complexity -MMD -MP -MF"Core/Drivers/Platform/AnalogIN/drv_ain.d" -MT"Core/Drivers/Platform/AnalogIN/drv_ain.o" --specs=nano.specs -mfpu=fpv5-d16 -mfloat-abi=hard -mthumb -o "Core/Drivers/Platform/AnalogIN/drv_ain.o"
arm-none-eabi-gcc "../Core/Application/Src/main.c" -mcpu=cortex-m7 -std=gnu11 -g3 -DCORE_CM7 -DDATA_IN_D2_SRAM -DSTM32H755xx -DDEBUG -DUSE_HAL_DRIVER -c -I"C:/Users/frado/Desktop/Projekat_EPT/Firmware/Source/ADFirmware/Middlewares/Third_Party/LwIP/system" -I"C:/Users/frado/Desktop/Projekat_EPT/Firmware/Source/ADFirmware/Middlewares/Third_Party/LwIP/src/include" -I"C:/Users/frado/Desktop/Projekat_EPT/Firmware/Source/ADFirmware/Middlewares/Third_Party/FreeRTOS/Source/include" -I"C:/Users/frado/Desktop/Projekat_EPT/Firmware/Source/ADFirmware/Middlewares/Third_Party/FreeRTOS/Source/portable/GCC/ARM_CM4F" -I"C:/Users/frado/Desktop/Projekat_EPT/Firmware/Source/ADFirmware/Drivers/STM32H7xx_HAL_Driver/Inc" -I"C:/Users/frado/Desktop/Projekat_EPT/Firmware/Source/ADFirmware/Drivers/CMSIS/Include" -I"C:/Users/frado/Desktop/Projekat_EPT/Firmware/Source/ADFirmware/Drivers/BSP/Components/lan8742" -I"C:/Users/frado/Desktop/Projekat_EPT/Firmware/Source/ADFirmware/Drivers/CMSIS/Device/ST/STM32H7xx/Include" -I"C:/Users/frado/Desktop/Projekat_EPT/Firmware/Source/ADFirmware/CM7/Core/Configuration" -I"C:/Users/frado/Desktop/Projekat_EPT/Firmware/Source/ADFirmware/CM7/Core/Drivers/Platform/LwIP" -I"C:/Users/frado/Desktop/Projekat_EPT/Firmware/Source/ADFirmware/CM7/Core/Middlewares/Services/Network/" -I"C:/Users/frado/Desktop/Projekat_EPT/Firmware/Source/ADFirmware/CM7/Core/Drivers/Platform/Interrupts/" -I"C:/Users/frado/Desktop/Projekat_EPT/Firmware/Source/ADFirmware/CM7/Core/Drivers/Platform/System" -I"C:/Users/frado/Desktop/Projekat_EPT/Firmware/Source/ADFirmware/CM7/Core/Drivers/Platform/AnalogIN" -I"C:/Users/frado/Desktop/Projekat_EPT/Firmware/Source/ADFirmware/CM7/Core/Drivers/Platform/AnalogIN/ADS9224R" -I"C:/Users/frado/Desktop/Projekat_EPT/Firmware/Source/ADFirmware/CM7/Core/Drivers/Platform/AnalogOUT" -I"C:/Users/frado/Desktop/Projekat_EPT/Firmware/Source/ADFirmware/CM7/Core/Drivers/Platform/GPIO" -I"C:/Users/frado/Desktop/Projekat_EPT/Firmware/Source/ADFirmware/CM7/Core/Drivers/Platform/SPI" -I"C:/Users/frado/Desktop/Projekat_EPT/Firmware/Source/ADFirmware/CM7/Core/Middlewares/Services/System/" -I"C:/Users/frado/Desktop/Projekat_EPT/Firmware/Source/ADFirmware/CM7/Core/Drivers/Platform/UART" -I"C:/Users/frado/Desktop/Projekat_EPT/Firmware/Source/ADFirmware/CM7/Core/Middlewares/Services/Logging/" -I"C:/Users/frado/Desktop/Projekat_EPT/Firmware/Source/ADFirmware/CM7/Core/Middlewares/Services/Control/" -I"C:/Users/frado/Desktop/Projekat_EPT/Firmware/Source/ADFirmware/CM7/Core/Middlewares/Services/DPControl/" -I"C:/Users/frado/Desktop/Projekat_EPT/Firmware/Source/ADFirmware/CM7/Core/Middlewares/Services/SamplesStream/" -I"C:/Users/frado/Desktop/Projekat_EPT/Firmware/Source/ADFirmware/CM7/Core/Middlewares/Services/ED" -I"C:/Users/frado/Desktop/Projekat_EPT/Firmware/Source/ADFirmware/CM7/Core/Drivers/Platform/Timer" -I"C:/Users/frado/Desktop/Projekat_EPT/Firmware/Source/ADFirmware/Middlewares/Third_Party/FreeRTOS/Source/CMSIS_RTOS_V2" -O0 -ffunction-sections -fdata-sections -Wall -fstack-usage -fcyclomatic-complexity -MMD -MP -MF"Core/Application/Src/main.d" -MT"Core/Application/Src/main.o" --specs=nano.specs -mfpu=fpv5-d16 -mfloat-abi=hard -mthumb -o "Core/Application/Src/main.o"
../Core/Middlewares/Services/Logging/logging.c: In function 'prvLOGGING_SendLogMessage':
../Core/Middlewares/Services/Logging/logging.c:64:12: warning: implicit declaration of function 'DRV_UART_TransferData'; did you mean 'DRV_UART_Instance_TransferData'? [-Wimplicit-function-declaration]
   64 |         if(DRV_UART_TransferData(DRV_UART_INSTANCE_3, buffer, size, LOGGING_TRANSMIT_TIMOEUT) != DRV_UART_STATUS_OK) return LOGGING_STATUS_ERROR;
      |            ^~~~~~~~~~~~~~~~~~~~~
      |            DRV_UART_Instance_TransferData
../Core/Middlewares/Services/Logging/logging.c: In function 'LOGGING_Write':
../Core/Middlewares/Services/Logging/logging.c:157:30: warning: implicit declaration of function 'vsprintf' [-Wimplicit-function-declaration]
  157 |     tmpMessageBuffer.size += vsprintf(tmpMessageBuffer.buffer + tmpMessageBuffer.size, message, args);
      |                              ^~~~~~~~
../Core/Middlewares/Services/Logging/logging.c:22:1: note: include '<stdio.h>' or provide a declaration of 'vsprintf'
   21 | #include        "drv_uart.h"
  +++ |+#include <stdio.h>
   22 | 
../Core/Middlewares/Services/Logging/logging.c:157:63: warning: pointer targets in passing argument 1 of 'vsprintf' differ in signedness [-Wpointer-sign]
  157 |     tmpMessageBuffer.size += vsprintf(tmpMessageBuffer.buffer + tmpMessageBuffer.size, message, args);
      |                                       ~~~~~~~~~~~~~~~~~~~~~~~~^~~~~~~~~~~~~~~~~~~~~~~
      |                                                               |
      |                                                               uint8_t * {aka unsigned char *}
../Core/Middlewares/Services/Logging/logging.c:157:63: note: expected 'char *' but argument is of type 'uint8_t *' {aka 'unsigned char *'}
../Core/Drivers/Platform/Timer/drv_timer.c: In function 'DRV_Timer_Init':
../Core/Drivers/Platform/Timer/drv_timer.c:15:9: warning: implicit declaration of function 'memset' [-Wimplicit-function-declaration]
   15 |         memset(prvDRV_TIMER_PLATFORM_HANDLER, 0, DRV_TIMER_MAX_NUMBER_OF_TIMERS*sizeof(TIM_HandleTypeDef));
      |         ^~~~~~
../Core/Drivers/Platform/Timer/drv_timer.c:8:1: note: include '<string.h>' or provide a declaration of 'memset'
    7 | #include "drv_timer.h"
  +++ |+#include <string.h>
    8 | 
../Core/Drivers/Platform/Timer/drv_timer.c:15:9: warning: incompatible implicit declaration of built-in function 'memset' [-Wbuiltin-declaration-mismatch]
   15 |         memset(prvDRV_TIMER_PLATFORM_HANDLER, 0, DRV_TIMER_MAX_NUMBER_OF_TIMERS*sizeof(TIM_HandleTypeDef));
      |         ^~~~~~
../Core/Drivers/Platform/Timer/drv_timer.c:15:9: note: include '<string.h>' or provide a declaration of 'memset'
../Core/Middlewares/Services/DPControl/dpcontrol.c: In function 'prvDPCONTROL_TaskFunc':
../Core/Middlewares/Services/DPControl/dpcontrol.c:53:41: warning: unused variable 'batPinConfig' [-Wunused-variable]
   53 |         drv_gpio_pin_init_conf_t        batPinConfig;
      |                                         ^~~~~~~~~~~~
../Core/Drivers/Platform/UART/drv_uart.c: In function 'HAL_UART_RxCpltCallback':
../Core/Drivers/Platform/UART/drv_uart.c:33:96: warning: passing argument 2 of 'HAL_UART_Receive_IT' from incompatible pointer type [-Wincompatible-pointer-types]
   33 |                 HAL_UART_Receive_IT(&prvDRV_UART_INSTANCES[DRV_UART_INSTANCE_7].deviceHandler, &data, 1);
      |                                                                                                ^~~~~
      |                                                                                                |
      |                                                                                                volatile uint32_t * {aka volatile long unsigned int *}
In file included from C:/Users/frado/Desktop/Projekat_EPT/Firmware/Source/ADFirmware/CM7/Core/Configuration/stm32h7xx_hal_conf.h:463,
                 from C:/Users/frado/Desktop/Projekat_EPT/Firmware/Source/ADFirmware/Drivers/STM32H7xx_HAL_Driver/Inc/stm32h7xx_hal.h:29,
                 from C:/Users/frado/Desktop/Projekat_EPT/Firmware/Source/ADFirmware/CM7/Core/Configuration/main.h:30,
                 from ../Core/Drivers/Platform/UART/drv_uart.c:7:
C:/Users/frado/Desktop/Projekat_EPT/Firmware/Source/ADFirmware/Drivers/STM32H7xx_HAL_Driver/Inc/stm32h7xx_hal_uart.h:1640:75: note: expected 'uint8_t *' {aka 'unsigned char *'} but argument is of type 'volatile uint32_t *' {aka 'volatile long unsigned int *'}
 1640 | HAL_StatusTypeDef HAL_UART_Receive_IT(UART_HandleTypeDef *huart, uint8_t *pData, uint16_t Size);
      |                                                                  ~~~~~~~~~^~~~~
../Core/Drivers/Platform/UART/drv_uart.c:38:96: warning: passing argument 2 of 'HAL_UART_Receive_IT' from incompatible pointer type [-Wincompatible-pointer-types]
   38 |                 HAL_UART_Receive_IT(&prvDRV_UART_INSTANCES[DRV_UART_INSTANCE_6].deviceHandler, &data, 1);
      |                                                                                                ^~~~~
      |                                                                                                |
      |                                                                                                volatile uint32_t * {aka volatile long unsigned int *}
C:/Users/frado/Desktop/Projekat_EPT/Firmware/Source/ADFirmware/Drivers/STM32H7xx_HAL_Driver/Inc/stm32h7xx_hal_uart.h:1640:75: note: expected 'uint8_t *' {aka 'unsigned char *'} but argument is of type 'volatile uint32_t *' {aka 'volatile long unsigned int *'}
 1640 | HAL_StatusTypeDef HAL_UART_Receive_IT(UART_HandleTypeDef *huart, uint8_t *pData, uint16_t Size);
      |                                                                  ~~~~~~~~~^~~~~
../Core/Drivers/Platform/UART/drv_uart.c:43:96: warning: passing argument 2 of 'HAL_UART_Receive_IT' from incompatible pointer type [-Wincompatible-pointer-types]
   43 |                 HAL_UART_Receive_IT(&prvDRV_UART_INSTANCES[DRV_UART_INSTANCE_4].deviceHandler, &data, 1);
      |                                                                                                ^~~~~
      |                                                                                                |
      |                                                                                                volatile uint32_t * {aka volatile long unsigned int *}
C:/Users/frado/Desktop/Projekat_EPT/Firmware/Source/ADFirmware/Drivers/STM32H7xx_HAL_Driver/Inc/stm32h7xx_hal_uart.h:1640:75: note: expected 'uint8_t *' {aka 'unsigned char *'} but argument is of type 'volatile uint32_t *' {aka 'volatile long unsigned int *'}
 1640 | HAL_StatusTypeDef HAL_UART_Receive_IT(UART_HandleTypeDef *huart, uint8_t *pData, uint16_t Size);
      |                                                                  ~~~~~~~~~^~~~~
../Core/Drivers/Platform/UART/drv_uart.c: In function 'DRV_UART_Init':
../Core/Drivers/Platform/UART/drv_uart.c:309:9: warning: implicit declaration of function 'memset' [-Wimplicit-function-declaration]
  309 |         memset(prvDRV_UART_INSTANCES, 0, CONF_UART_INSTANCES_MAX_NUMBER*sizeof(drv_uart_handle_t));
      |         ^~~~~~
../Core/Drivers/Platform/UART/drv_uart.c:14:1: note: include '<string.h>' or provide a declaration of 'memset'
   13 | #include "drv_uart.h"
  +++ |+#include <string.h>
   14 | 
../Core/Drivers/Platform/UART/drv_uart.c:309:9: warning: incompatible implicit declaration of built-in function 'memset' [-Wbuiltin-declaration-mismatch]
  309 |         memset(prvDRV_UART_INSTANCES, 0, CONF_UART_INSTANCES_MAX_NUMBER*sizeof(drv_uart_handle_t));
      |         ^~~~~~
../Core/Drivers/Platform/UART/drv_uart.c:309:9: note: include '<string.h>' or provide a declaration of 'memset'
../Core/Drivers/Platform/UART/drv_uart.c: In function 'DRV_UART_Instance_RegisterRxCallback':
../Core/Drivers/Platform/UART/drv_uart.c:377:80: warning: passing argument 2 of 'HAL_UART_Receive_IT' from incompatible pointer type [-Wincompatible-pointer-types]
  377 |         if(HAL_UART_Receive_IT(&prvDRV_UART_INSTANCES[instance].deviceHandler, &data, 1) != HAL_OK) return DRV_UART_STATUS_ERROR;
      |                                                                                ^~~~~
      |                                                                                |
      |                                                                                volatile uint32_t * {aka volatile long unsigned int *}
C:/Users/frado/Desktop/Projekat_EPT/Firmware/Source/ADFirmware/Drivers/STM32H7xx_HAL_Driver/Inc/stm32h7xx_hal_uart.h:1640:75: note: expected 'uint8_t *' {aka 'unsigned char *'} but argument is of type 'volatile uint32_t *' {aka 'volatile long unsigned int *'}
 1640 | HAL_StatusTypeDef HAL_UART_Receive_IT(UART_HandleTypeDef *huart, uint8_t *pData, uint16_t Size);
      |                                                                  ~~~~~~~~~^~~~~
../Core/Drivers/Platform/System/drv_system.c:24:26: warning: 'htim1' defined but not used [-Wunused-variable]
   24 | static TIM_HandleTypeDef htim1;
      |                          ^~~~~
../Core/Drivers/Platform/GPIO/drv_gpio.c: In function 'DRV_GPIO_Pin_DeInit':
../Core/Drivers/Platform/GPIO/drv_gpio.c:155:26: warning: unused variable 'GPIO_InitStruct' [-Wunused-variable]
  155 |         GPIO_InitTypeDef GPIO_InitStruct = {0};
      |                          ^~~~~~~~~~~~~~~
In file included from ../Core/Drivers/Platform/GPIO/drv_gpio.h:17,
                 from ../Core/Drivers/Platform/GPIO/drv_gpio.c:10:
../Core/Drivers/Platform/GPIO/drv_gpio.c: In function 'DRV_GPIO_Pin_ToogleFromISR':
../Core/Drivers/Platform/GPIO/drv_gpio.c:214:64: warning: passing argument 3 of 'xQueueReceiveFromISR' from incompatible pointer type [-Wincompatible-pointer-types]
  214 |         if(xSemaphoreTakeFromISR(prvDRV_GPIO_PORTS[port].lock, &pxHigherPriorityTaskWoken) == pdFALSE ) return DRV_GPIO_STATUS_ERROR;
C:/Users/frado/Desktop/Projekat_EPT/Firmware/Source/ADFirmware/Middlewares/Third_Party/FreeRTOS/Source/include/semphr.h:658:137: note: in definition of macro 'xSemaphoreTakeFromISR'
  658 | #define xSemaphoreTakeFromISR( xSemaphore, pxHigherPriorityTaskWoken )  xQueueReceiveFromISR( ( QueueHandle_t ) ( xSemaphore ), NULL, ( pxHigherPriorityTaskWoken ) )
      |                                                                                                                                         ^~~~~~~~~~~~~~~~~~~~~~~~~
In file included from C:/Users/frado/Desktop/Projekat_EPT/Firmware/Source/ADFirmware/Middlewares/Third_Party/FreeRTOS/Source/include/semphr.h:35:
C:/Users/frado/Desktop/Projekat_EPT/Firmware/Source/ADFirmware/Middlewares/Third_Party/FreeRTOS/Source/include/queue.h:1385:98: note: expected 'BaseType_t * const' {aka 'long int * const'} but argument is of type 'BaseType_t **' {aka 'long int **'}
 1385 | BaseType_t xQueueReceiveFromISR( QueueHandle_t xQueue, void * const pvBuffer, BaseType_t * const pxHigherPriorityTaskWoken ) PRIVILEGED_FUNCTION;
      |                                                                               ~~~~~~~~~~~~~~~~~~~^~~~~~~~~~~~~~~~~~~~~~~~~
../Core/Drivers/Platform/GPIO/drv_gpio.c:218:64: warning: passing argument 2 of 'xQueueGiveFromISR' from incompatible pointer type [-Wincompatible-pointer-types]
  218 |         if(xSemaphoreGiveFromISR(prvDRV_GPIO_PORTS[port].lock, &pxHigherPriorityTaskWoken) == pdFALSE ) return DRV_GPIO_STATUS_ERROR;
C:/Users/frado/Desktop/Projekat_EPT/Firmware/Source/ADFirmware/Middlewares/Third_Party/FreeRTOS/Source/include/semphr.h:624:128: note: in definition of macro 'xSemaphoreGiveFromISR'
  624 | #define xSemaphoreGiveFromISR( xSemaphore, pxHigherPriorityTaskWoken )  xQueueGiveFromISR( ( QueueHandle_t ) ( xSemaphore ), ( pxHigherPriorityTaskWoken ) )
      |                                                                                                                                ^~~~~~~~~~~~~~~~~~~~~~~~~
C:/Users/frado/Desktop/Projekat_EPT/Firmware/Source/ADFirmware/Middlewares/Third_Party/FreeRTOS/Source/include/queue.h:1296:72: note: expected 'BaseType_t * const' {aka 'long int * const'} but argument is of type 'BaseType_t **' {aka 'long int **'}
 1296 | BaseType_t xQueueGiveFromISR( QueueHandle_t xQueue, BaseType_t * const pxHigherPriorityTaskWoken ) PRIVILEGED_FUNCTION;
      |                                                     ~~~~~~~~~~~~~~~~~~~^~~~~~~~~~~~~~~~~~~~~~~~~
../Core/Drivers/Platform/GPIO/drv_gpio.c: In function 'DRV_GPIO_Pin_EnableInt':
../Core/Drivers/Platform/GPIO/drv_gpio.c:227:27: warning: unused variable 'status' [-Wunused-variable]
  227 |         drv_gpio_status_t status = DRV_GPIO_STATUS_OK;
      |                           ^~~~~~
../Core/Drivers/Platform/AnalogIN/ADS9224R/ads9224r.c: In function 'prvADS9224R_PowerDown':
../Core/Drivers/Platform/AnalogIN/ADS9224R/ads9224r.c:264:18: warning: unused variable 'curTick' [-Wunused-variable]
  264 |         uint32_t curTick;
      |                  ^~~~~~~
../Core/Drivers/Platform/AnalogIN/drv_ain.c: In function 'prvDRV_AIN_InitDeviceADC':
../Core/Drivers/Platform/AnalogIN/drv_ain.c:290:105: warning: passing argument 3 of 'HAL_ADC_RegisterCallback' from incompatible pointer type [-Wincompatible-pointer-types]
  290 |         if (HAL_ADC_RegisterCallback(&prvDRV_AIN_DEVICE_ADC_HANDLER, HAL_ADC_CONVERSION_COMPLETE_CB_ID, prvDRV_AIN_DMAHalfComplitedCallback)!= HAL_OK)return DRV_AIN_STATUS_ERROR;
      |                                                                                                         ^~~~~~~~~~~~~~~~~~~~~~~~~~~~~~~~~~~
      |                                                                                                         |
      |                                                                                                         void (*)(DMA_HandleTypeDef *) {aka void (*)(struct __DMA_HandleTypeDef *)}
In file included from C:/Users/frado/Desktop/Projekat_EPT/Firmware/Source/ADFirmware/CM7/Core/Configuration/stm32h7xx_hal_conf.h:303,
                 from C:/Users/frado/Desktop/Projekat_EPT/Firmware/Source/ADFirmware/Drivers/STM32H7xx_HAL_Driver/Inc/stm32h7xx_hal.h:29,
                 from C:/Users/frado/Desktop/Projekat_EPT/Firmware/Source/ADFirmware/CM7/Core/Drivers/Platform/GPIO/drv_gpio.h:21,
                 from ../Core/Drivers/Platform/AnalogIN/drv_ain.c:11:
C:/Users/frado/Desktop/Projekat_EPT/Firmware/Source/ADFirmware/Drivers/STM32H7xx_HAL_Driver/Inc/stm32h7xx_hal_adc.h:1937:128: note: expected 'pADC_CallbackTypeDef' {aka 'void (*)(struct __ADC_HandleTypeDef *)'} but argument is of type 'void (*)(DMA_HandleTypeDef *)' {aka 'void (*)(struct __DMA_HandleTypeDef *)'}
 1937 | HAL_StatusTypeDef HAL_ADC_RegisterCallback(ADC_HandleTypeDef *hadc, HAL_ADC_CallbackIDTypeDef CallbackID, pADC_CallbackTypeDef pCallback);
      |                                                                                                           ~~~~~~~~~~~~~~~~~~~~~^~~~~~~~~
../Core/Drivers/Platform/AnalogIN/ADS9224R/ads9224r.c: In function 'ADS9224R_Init':
../Core/Drivers/Platform/AnalogIN/ADS9224R/ads9224r.c:691:9: warning: implicit declaration of function 'memset' [-Wimplicit-function-declaration]
  691 |         memset(&prvADS9224R_DATA, 0, sizeof(ads9224r_handle_t));
      |         ^~~~~~
../Core/Drivers/Platform/AnalogIN/ADS9224R/ads9224r.c:13:1: note: include '<string.h>' or provide a declaration of 'memset'
   12 | #include "stm32h7xx_ll_dma.h"
  +++ |+#include <string.h>
   13 | 
../Core/Drivers/Platform/AnalogIN/ADS9224R/ads9224r.c:691:9: warning: incompatible implicit declaration of built-in function 'memset' [-Wbuiltin-declaration-mismatch]
  691 |         memset(&prvADS9224R_DATA, 0, sizeof(ads9224r_handle_t));
      |         ^~~~~~
../Core/Drivers/Platform/AnalogIN/ADS9224R/ads9224r.c:691:9: note: include '<string.h>' or provide a declaration of 'memset'
../Core/Drivers/Platform/AnalogIN/ADS9224R/ads9224r.c: In function 'ADS9224R_SetPatternState':
../Core/Drivers/Platform/AnalogIN/ADS9224R/ads9224r.c:733:17: warning: unused variable 'regContentBit' [-Wunused-variable]
  733 |         uint8_t regContentBit = 0;
      |                 ^~~~~~~~~~~~~
In file included from ../Core/Middlewares/Services/ED/energy_debugger.c:12:
../Core/Middlewares/Services/ED/energy_debugger.c: In function 'prvEDEBUGGING_SerialCharReceived':
../Core/Middlewares/Services/ED/energy_debugger.c:87:72: warning: passing argument 2 of 'xQueueGenericSendFromISR' discards 'volatile' qualifier from pointer target type [-Wdiscarded-qualifiers]
   87 |             xQueueSendToBackFromISR(prvENERGY_DEBUGGER_QUEUE_EBP_NAME, &prvENERGY_DEBUGGER_EBP_LAST_NAME, pxHigherPriorityTaskWoken);
C:/Users/frado/Desktop/Projekat_EPT/Firmware/Source/ADFirmware/Middlewares/Third_Party/FreeRTOS/Source/include/queue.h:1055:125: note: in definition of macro 'xQueueSendToBackFromISR'
 1055 | #define xQueueSendToBackFromISR( xQueue, pvItemToQueue, pxHigherPriorityTaskWoken ) xQueueGenericSendFromISR( ( xQueue ), ( pvItemToQueue ), ( pxHigherPriorityTaskWoken ), queueSEND_TO_BACK )
      |                                                                                                                             ^~~~~~~~~~~~~
C:/Users/frado/Desktop/Projekat_EPT/Firmware/Source/ADFirmware/Middlewares/Third_Party/FreeRTOS/Source/include/queue.h:1295:79: note: expected 'const void * const' but argument is of type 'volatile energy_debugger_ebp_name_t *'
 1295 | BaseType_t xQueueGenericSendFromISR( QueueHandle_t xQueue, const void * const pvItemToQueue, BaseType_t * const pxHigherPriorityTaskWoken, const BaseType_t xCopyPosition ) PRIVILEGED_FUNCTION;
      |                                                            ~~~~~~~~~~~~~~~~~~~^~~~~~~~~~~~~
../Core/Middlewares/Services/System/system.c: In function 'prvSYSTEM_SetRGBState':
../Core/Middlewares/Services/ED/energy_debugger.c:88:24: warning: passing argument 1 of 'memset' discards 'volatile' qualifier from pointer target type [-Wdiscarded-qualifiers]
   88 |                 memset(&prvENERGY_DEBUGGER_EBP_LAST_NAME, 0, sizeof(energy_debugger_ebp_name_t));
      |                        ^~~~~~~~~~~~~~~~~~~~~~~~~~~~~~~~~
../Core/Middlewares/Services/System/system.c:59:24: warning: type of 'red' defaults to 'int' [-Wimplicit-int]
   59 | static system_status_t prvSYSTEM_SetRGBState(red, blue, green)
      |                        ^~~~~~~~~~~~~~~~~~~~~
../Core/Middlewares/Services/System/system.c:59:24: warning: type of 'blue' defaults to 'int' [-Wimplicit-int]
../Core/Middlewares/Services/System/system.c:59:24: warning: type of 'green' defaults to 'int' [-Wimplicit-int]
In file included from C:/Users/frado/Desktop/Projekat_EPT/Firmware/Source/ADFirmware/Middlewares/Third_Party/LwIP/src/include/lwip/sockets.h:52,
                 from ../Core/Middlewares/Services/ED/energy_debugger.c:15:
C:\ST\STM32CubeIDE_1.16.1\STM32CubeIDE\plugins\com.st.stm32cube.ide.mcu.externaltools.gnu-tools-for-stm32.12.3.rel1.win32_1.0.200.202406191623\tools\bin/../lib/gcc/arm-none-eabi/12.3.1/../../../../arm-none-eabi/include/string.h:33:18: note: expected 'void *' but argument is of type 'volatile energy_debugger_ebp_name_t *'
   33 | void *   memset (void *, int, size_t);
      |                  ^~~~~~
../Core/Middlewares/Services/System/system.c: In function 'prvSYSTEM_Task':
../Core/Middlewares/Services/System/system.c:86:41: warning: unused variable 'state' [-Wunused-variable]
   86 |                         uint32_t        state = 0x01;
      |                                         ^~~~~
../Core/Middlewares/Services/ED/energy_debugger.c: In function 'prvENERGY_DEBUGGER_Task':
../Core/Middlewares/Services/ED/energy_debugger.c:200:26: warning: unused variable 'data' [-Wunused-variable]
  200 |                 uint8_t  data;
      |                          ^~~~
../Core/Middlewares/Services/Network/network.c: In function 'a':
../Core/Middlewares/Services/Network/network.c:51:1: warning: control reaches end of non-void function [-Wreturn-type]
   51 | };
      | ^
../Core/Middlewares/Services/Control/control.c: In function 'prvCONTROL_GetADCValue':
../Core/Middlewares/Services/Control/control.c:394:66: warning: format '%d' expects argument of type 'int', but argument 3 has type 'uint32_t' {aka 'long unsigned int'} [-Wformat=]
  394 |                 adcValueStringLength = sprintf(adcValueString, "%d", adcValue);
      |                                                                 ~^   ~~~~~~~~
      |                                                                  |   |
      |                                                                  int uint32_t {aka long unsigned int}
      |                                                                 %ld
../Core/Middlewares/Services/Control/control.c: In function 'prvCONTROL_GetChSamplingtime':
../Core/Middlewares/Services/Control/control.c:875:57: warning: format '%lu' expects argument of type 'long unsigned int', but argument 3 has type 'int' [-Wformat=]
  875 |         chstimeStringLength = sprintf(chstimeString, "%lu", chstime1);
      |                                                       ~~^   ~~~~~~~~
      |                                                         |   |
      |                                                         |   int
      |                                                         long unsigned int
      |                                                       %u
../Core/Middlewares/Services/Control/control.c: In function 'prvCONTROL_GetAveragingratio':
../Core/Middlewares/Services/Control/control.c:961:77: warning: format '%lu' expects argument of type 'long unsigned int', but argument 3 has type 'int' [-Wformat=]
  961 |         ch1AveragingRatioStringLength = sprintf(ch1AveragingRatioString, "%lu", ch1AveragingRatio);
      |                                                                           ~~^   ~~~~~~~~~~~~~~~~~
      |                                                                             |   |
      |                                                                             |   int
      |                                                                             long unsigned int
      |                                                                           %u
../Core/Middlewares/Services/Control/control.c: At top level:
../Core/Middlewares/Services/Control/control.c:539:13: warning: 'prvCONTROL_SetBatteryState' defined but not used [-Wunused-function]
  539 | static void prvCONTROL_SetBatteryState(const char* arguments, uint16_t argumentsLength, char* response, uint16_t* responseSize)
      |             ^~~~~~~~~~~~~~~~~~~~~~~~~~
../Core/Middlewares/Services/Control/control.c: In function 'prvCONTROL_GetClkdiv':
../Core/Middlewares/Services/Control/control.c:684:33: warning: 'sprintf' may write a terminating nul past the end of the destination [-Wformat-overflow=]
  684 |         adcClkDivStringLength = sprintf(adcClkDivString, "%d", adcClkDiv);
      |                                 ^~~~~~~~~~~~~~~~~~~~~~~~~~~~~~~~~~~~~~~~~
../Core/Middlewares/Services/Control/control.c:684:33: note: 'sprintf' output between 2 and 6 bytes into a destination of size 5
../Core/Middlewares/Services/Control/control.c: In function 'prvCONTROL_SetSamplingtime':
../Core/Middlewares/Services/Control/control.c:710:17: warning: 'valueNumber' may be used uninitialized [-Wmaybe-uninitialized]
  710 |                 LOGGING_Write("Control Service", LOGGING_MSG_TYPE_ERROR, "Unable to obtain stream ID\r\n", valueNumber);
      |                 ^~~~~~~~~~~~~~~~~~~~~~~~~~~~~~~~~~~~~~~~~~~~~~~~~~~~~~~~~~~~~~~~~~~~~~~~~~~~~~~~~~~~~~~~~~~~~~~~~~~~~~~
../Core/Middlewares/Services/Control/control.c:702:57: note: 'valueNumber' was declared here
  702 |         uint32_t                                        valueNumber;
      |                                                         ^~~~~~~~~~~
arm-none-eabi-gcc -o "ADFirmware_CM7.elf" @"objects.list"   -mcpu=cortex-m7 -T"C:\Users\frado\Desktop\Projekat_EPT\Firmware\Source\ADFirmware\CM7\STM32H755ZITX.ld" --specs=nosys.specs -Wl,-Map="ADFirmware_CM7.map" -Wl,--gc-sections -static --specs=nano.specs -mfpu=fpv5-d16 -mfloat-abi=hard -mthumb -Wl,--start-group -lc -lm -Wl,--end-group
C:/ST/STM32CubeIDE_1.16.1/STM32CubeIDE/plugins/com.st.stm32cube.ide.mcu.externaltools.gnu-tools-for-stm32.12.3.rel1.win32_1.0.200.202406191623/tools/bin/../lib/gcc/arm-none-eabi/12.3.1/../../../../arm-none-eabi/bin/ld.exe: warning: ADFirmware_CM7.elf has a LOAD segment with RWX permissions
Finished building target: ADFirmware_CM7.elf
 
arm-none-eabi-size  ADFirmware_CM7.elf 
arm-none-eabi-objdump -h -S ADFirmware_CM7.elf  > "ADFirmware_CM7.list"
   text	   data	    bss	    dec	    hex	filename
 230796	    152	 385651	 616599	  96897	ADFirmware_CM7.elf
Finished building: default.size.stdout
 
Finished building: ADFirmware_CM7.list
 
09:52:47 **** Incremental Build of configuration Debug for project ADFirmware_CM7 ****
make -j16 all 
arm-none-eabi-size  ADFirmware_CM7.elf 
   text	   data	    bss	    dec	    hex	filename
 230796	    152	 385651	 616599	  96897	ADFirmware_CM7.elf
Finished building: default.size.stdout
 
